2025-03-08 03:17:17.814  4403-4529  OpenGLRenderer          com.deepcore.kiytoapp                D  CFMS:: SetUp Pid : 4403    Tid : 4529
2025-03-08 03:17:17.814  4403-4403  ViewRootIm...w:91ea19b] com.deepcore.kiytoapp                I  reportDrawFinished seqId=0
2025-03-08 03:17:17.814  4403-4529  OpenGLRenderer          com.deepcore.kiytoapp                D  HWUI - treat SMPTE_170M as sRGB
2025-03-08 03:17:17.814  4403-4403  ViewRootIm...w:91ea19b] com.deepcore.kiytoapp                I  handleResized, msg = 5 frames=ClientWindowFrames{frame=[740,223][1440,1179] display=[0,100][1440,3088] parentFrame=[0,0][0,0] attachedFrame=[0,0][1440,3088]} forceNextWindowRelayout=false displayId=0 dragResizing=false compatScale=1.0 frameChanged=false attachedFrameChanged=false configChanged=false displayChanged=false compatScaleChanged=false
2025-03-08 03:17:17.815  4403-4403  ViewRootIm...w:91ea19b] com.deepcore.kiytoapp                I  handleResized mSyncSeqId = 0
2025-03-08 03:17:17.815  4403-4403  ViewRootIm...w:91ea19b] com.deepcore.kiytoapp                D  reportNextDraw android.view.ViewRootImpl.handleResized:2574 android.view.ViewRootImpl.-$$Nest$mhandleResized:0 android.view.ViewRootImpl$ViewRootHandler.handleMessageImpl:7267 android.view.ViewRootImpl$ViewRootHandler.handleMessage:7236 android.os.Handler.dispatchMessage:106 
2025-03-08 03:17:17.815  4403-4403  ViewRootIm...w:91ea19b] com.deepcore.kiytoapp                I  Setup new sync=wmsSync-ViewRootImpl@8b99d11[PopupWindow:91ea19b]#12
2025-03-08 03:17:17.815  4403-4403  ViewRootIm...w:91ea19b] com.deepcore.kiytoapp                I  Creating new active sync group ViewRootImpl@8b99d11[PopupWindow:91ea19b]#13
2025-03-08 03:17:17.815  4403-4403  SurfaceSyncGroup        com.deepcore.kiytoapp                I  addLocalSync=ViewRootImpl@8b99d11[PopupWindow:91ea19b]#13 to name=wmsSync-ViewRootImpl@8b99d11[PopupWindow:91ea19b]#12, callers=android.window.SurfaceSyncGroup.add:431 android.window.SurfaceSyncGroup.add:392 android.window.SurfaceSyncGroup.add:340 android.view.ViewRootImpl.createSyncIfNeeded:4912 android.view.ViewRootImpl.performTraversals:4796 android.view.ViewRootImpl.doTraversal:3345 
2025-03-08 03:17:17.815  4403-4403  ViewRootIm...w:91ea19b] com.deepcore.kiytoapp                I  registerCallbacksForSync syncBuffer=false
2025-03-08 03:17:17.815  4403-4556  ViewRootIm...w:91ea19b] com.deepcore.kiytoapp                I  Received frameDrawingCallback syncResult=0 frameNum=2.
2025-03-08 03:17:17.816  4403-4556  ViewRootIm...w:91ea19b] com.deepcore.kiytoapp                I  mWNT: t=0xb4000074933ed400 mBlastBufferQueue=0xb4000074e9988f00 fn= 2 mRenderHdrSdrRatio=1.0 caller= android.view.ViewRootImpl$8.onFrameDraw:13946 android.view.ThreadedRenderer$1.onFrameDraw:792 <bottom of call stack> 
2025-03-08 03:17:17.816  4403-4556  ViewRootIm...w:91ea19b] com.deepcore.kiytoapp                I  Setting up sync and frameCommitCallback
2025-03-08 03:17:17.816  4403-4529  ViewRootIm...w:91ea19b] com.deepcore.kiytoapp                I  Received frameCommittedCallback lastAttemptedDrawFrameNum=2 didProduceBuffer=false
2025-03-08 03:17:17.816  4403-4529  BLASTBufferQueue_Java   com.deepcore.kiytoapp                I  gatherPendingTransactions, mName= ViewRootImpl@8b99d11[PopupWindow:91ea19b] mNativeObject= 0xb4000074e9988f00 frameNumber= 2 caller= android.view.ViewRootImpl$8.lambda$onFrameDraw$1:14019 android.view.ViewRootImpl$8.$r8$lambda$6frSHsGsDhUEo8Wl9hChpniTVZ0:0 android.view.ViewRootImpl$8$$ExternalSyntheticLambda1.onFrameCommit:9 android.view.ThreadedRenderer$1.lambda$onFrameDraw$0:804 android.view.ThreadedRenderer$1$$ExternalSyntheticLambda0.onFrameCommit:2 <bottom of call stack> 
2025-03-08 03:17:17.816  4403-4529  SurfaceSyncGroup        com.deepcore.kiytoapp                I  onTransactionReady mName=wmsSync-ViewRootImpl@8b99d11[PopupWindow:91ea19b]#12 callback=104489064
2025-03-08 03:17:17.816  4403-4403  ViewRootIm...w:91ea19b] com.deepcore.kiytoapp                I  reportDrawFinished seqId=0
2025-03-08 03:17:17.828  4403-4403  ViewRootIm...nActivity] com.deepcore.kiytoapp                I  handleWindowFocusChanged: 0 0 call from android.view.ViewRootImpl.-$$Nest$mhandleWindowFocusChanged:0
2025-03-08 03:17:17.828  4403-4403  ImeFocusController      com.deepcore.kiytoapp                I  onPreWindowFocus: skipped, hasWindowFocus=false mHasImeFocus=true
2025-03-08 03:17:17.829  4403-4403  ImeFocusController      com.deepcore.kiytoapp                I  onPostWindowFocus: skipped, hasWindowFocus=false mHasImeFocus=true
2025-03-08 03:17:17.862  4403-4403  ViewRootIm...w:91ea19b] com.deepcore.kiytoapp                I  handleWindowFocusChanged: 1 0 call from android.view.ViewRootImpl.-$$Nest$mhandleWindowFocusChanged:0
2025-03-08 03:17:17.862  4403-4403  ViewRootIm...w:91ea19b] com.deepcore.kiytoapp                D  mThreadedRenderer.initializeIfNeeded()#2 mSurface={isValid=true 0xb400007493151000}
2025-03-08 03:17:17.862  4403-4403  InputMethodManagerUtils com.deepcore.kiytoapp                D  startInputInner - Id : 0
2025-03-08 03:17:17.862  4403-4403  InputMethodManager      com.deepcore.kiytoapp                I  startInputInner - IInputMethodManagerGlobalInvoker.startInputOrWindowGainedFocus
2025-03-08 03:17:17.871  4403-4403  InsetsSourceConsumer    com.deepcore.kiytoapp                I  applyRequestedVisibilityToControl: visible=false, type=ime, host=PopupWindow:91ea19b
2025-03-08 03:17:19.627  4403-4403  ViewRootIm...w:91ea19b] com.deepcore.kiytoapp                I  ViewPostIme pointer 0
2025-03-08 03:17:19.689  4403-4403  ViewRootIm...w:91ea19b] com.deepcore.kiytoapp                I  ViewPostIme pointer 1
2025-03-08 03:17:19.696  4403-4403  WindowOnBackDispatcher  com.deepcore.kiytoapp                W  sendCancelIfRunning: isInProgress=falsecallback=android.widget.PopupWindow$PopupDecorView$$ExternalSyntheticLambda0@2e5b0e4
2025-03-08 03:17:19.697  4403-4403  WindowManager           com.deepcore.kiytoapp                I  WindowManagerGlobal#removeView, ty=1000, view=android.widget.PopupWindow$PopupDecorView{2a3938 V.E...... R....... 0,0-700,956 aid=1073741831}, caller=android.view.WindowManagerGlobal.removeView:648 android.view.WindowManagerImpl.removeViewImmediate:208 android.widget.PopupWindow.dismissImmediate:2422 
2025-03-08 03:17:19.700  4403-4529  OpenGLRenderer          com.deepcore.kiytoapp                D  endAllActiveAnimators on 0xb400007511adb700 (RippleDrawable) with handle 0xb4000074e4393040
2025-03-08 03:17:19.700  4403-4403  ViewRootIm...w:91ea19b] com.deepcore.kiytoapp                I  dispatchDetachedFromWindow
2025-03-08 03:17:19.709  4403-4403  InputTransport          com.deepcore.kiytoapp                D  Input channel destroyed: 'a245620', fd=133
2025-03-08 03:17:19.715  4403-4403  ScrollView              com.deepcore.kiytoapp                D  initGoToTop
2025-03-08 03:17:19.728  4403-4403  AnimatorSet             com.deepcore.kiytoapp                D  mReversing is false. Don't call initChildren.
2025-03-08 03:17:19.728  4403-4403  AnimatorSet             com.deepcore.kiytoapp                D  mReversing is false. Don't call initChildren.
2025-03-08 03:17:19.728  4403-4403  AnimatorSet             com.deepcore.kiytoapp                D  mReversing is false. Don't call initChildren.
2025-03-08 03:17:19.730  4403-4403  NotificationHelper      com.deepcore.kiytoapp                D  Notification channel created successfully
2025-03-08 03:17:19.737  4403-4403  InsetsSourceConsumer    com.deepcore.kiytoapp                I  applyRequestedVisibilityToControl: visible=true, type=navigationBars, host=com.deepcore.kiytoapp/com.deepcore.kiytoapp.MainActivity
2025-03-08 03:17:19.737  4403-4403  InsetsSourceConsumer    com.deepcore.kiytoapp                I  applyRequestedVisibilityToControl: visible=true, type=statusBars, host=com.deepcore.kiytoapp/com.deepcore.kiytoapp.MainActivity
2025-03-08 03:17:19.738  4403-4403  InsetsController        com.deepcore.kiytoapp                I  onStateChanged: host=PopupWindow:91ea19b, from=android.view.ViewRootImpl$ViewRootHandler.handleMessageImpl:7279, state=InsetsState: {mDisplayFrame=Rect(0, 0 - 1440, 3088), mDisplayCutout=DisplayCutout{insets=Rect(0, 100 - 0, 0) waterfall=Insets{left=0, top=0, right=0, bottom=0} boundingRect={Bounds=[Rect(0, 0 - 0, 0), Rect(685, 0 - 756, 100), Rect(0, 0 - 0, 0), Rect(0, 0 - 0, 0)]} cutoutPathParserInfo={CutoutPathParserInfo{displayWidth=1440 displayHeight=3088 physicalDisplayWidth=1440 physicalDisplayHeight=3088 density={3.75} cutoutSpec={M 0,0 H -9.466666666666667 V 26.66666666666667‬ H 9.466666666666667 V 0 H 0 Z @dp} rotation={0} scale={1.0} physicalPixelDisplaySizeRatio={1.0}}}}, mRoundedCorners=RoundedCorners{[RoundedCorner{position=TopLeft, radius=14, center=Point(14, 14)}, RoundedCorner{position=TopRight, radius=14, center=Point(1426, 14)}, RoundedCorner{position=BottomRight, radius=14, center=Point(1426, 3074)}, RoundedCorner{position=BottomLeft, radius=14, center=Point(14, 3074)}]}  mRoundedCornerFrame=Rect(0, 0 - 1440, 3088), mPrivacyIndicatorBounds=PrivacyIndicatorBounds {static bounds=Rect(1286, 0 - 1440, 100) rotation=0}, mDisplayShape=DisplayShape{ spec=-311912193 displayWidth=1440 displayHeight=3088 physicalPixelDisplaySizeRatio=1.0 rotation=0 offsetX=0 offsetY=0 scale=1.0}, mSources= { InsetsSource: {a4aa0000 mType=statusBars mFrame=[0,0][1440,100] mVisible=true mFlags=[]}, InsetsSource: {a4aa0005 mType=mandatorySystemGestures mFrame=[0,0][1440,142] mVisible=true mFlags=[]}, InsetsSource: {a4aa0006 mType=tappableElement mFrame=[0,0][1440,100] mVisible=true mFlags=[]}, InsetsSource: {27 mType=displayCutout mFrame=[0,0][1440,100] mVisible=true mFlags=[]}, InsetsSource: {6800001 mType=navigationBars mFrame=[0,0][0,0] mVisible=true mFlags=[SUPPRESS_SCRIM]}, InsetsSource: {6800004 mType=systemGestures mFrame=[0,0][105,3088] mVisible=true mFlags=[]}, InsetsSource: {6800005 mType=mandatorySystemGestures mFrame=[0,3001][1440,3088] mVisible=true mFlags=[]}, InsetsSource: {6800006 mType=tappableElement mFrame=[0,0][0,0] mVisible=true mFlags=[]}, InsetsSource: {6800024 mType=systemGestures mFrame=[1335,0][1440,3088] mVisible=true mFlags=[]} }
2025-03-08 03:17:19.745  4403-4403  ScrollView              com.deepcore.kiytoapp                D   onsize change changed 
2025-03-08 03:17:19.749  4403-4403  ViewRootIm...nActivity] com.deepcore.kiytoapp                I  handleWindowFocusChanged: 1 0 call from android.view.ViewRootImpl.-$$Nest$mhandleWindowFocusChanged:0
2025-03-08 03:17:19.750  4403-4403  ViewRootIm...nActivity] com.deepcore.kiytoapp                D  mThreadedRenderer.initializeIfNeeded()#2 mSurface={isValid=true 0xb4000074e419b000}
2025-03-08 03:17:19.750  4403-4403  InputMethodManagerUtils com.deepcore.kiytoapp                D  startInputInner - Id : 0
2025-03-08 03:17:19.750  4403-4403  InputMethodManager      com.deepcore.kiytoapp                I  startInputInner - IInputMethodManagerGlobalInvoker.startInputOrWindowGainedFocus
2025-03-08 03:17:19.760  4403-4403  InsetsSourceConsumer    com.deepcore.kiytoapp                I  applyRequestedVisibilityToControl: visible=false, type=ime, host=com.deepcore.kiytoapp/com.deepcore.kiytoapp.MainActivity
2025-03-08 03:17:21.253  4403-4403  ViewRootIm...nActivity] com.deepcore.kiytoapp                I  ViewPostIme pointer 0
2025-03-08 03:17:21.298  4403-4403  ViewRootIm...nActivity] com.deepcore.kiytoapp                I  ViewPostIme pointer 1
2025-03-08 03:17:21.378  4403-4403  ViewRootIm...nActivity] com.deepcore.kiytoapp                I  handleWindowFocusChanged: 0 0 call from android.view.ViewRootImpl.-$$Nest$mhandleWindowFocusChanged:0
2025-03-08 03:17:21.378  4403-4403  ImeFocusController      com.deepcore.kiytoapp                I  onPreWindowFocus: skipped, hasWindowFocus=false mHasImeFocus=true
2025-03-08 03:17:21.378  4403-4403  ImeFocusController      com.deepcore.kiytoapp                I  onPostWindowFocus: skipped, hasWindowFocus=false mHasImeFocus=true
2025-03-08 03:17:21.547  4403-4403  InputTransport          com.deepcore.kiytoapp                D  Input channel destroyed: 'ClientS', fd=125
2025-03-08 03:17:29.644  4403-4403  Compatibil...geReporter com.deepcore.kiytoapp                D  Compat change id reported: 78294732; UID 10498; state: ENABLED
2025-03-08 03:17:29.648  4403-4403  NotificationHelper      com.deepcore.kiytoapp                D  Notification channel created successfully
2025-03-08 03:17:29.660  4403-4403  Compatibil...geReporter com.deepcore.kiytoapp                D  Compat change id reported: 147798919; UID 10498; state: ENABLED
2025-03-08 03:17:29.666  4403-4403  Toast                   com.deepcore.kiytoapp                I  show: caller = com.deepcore.kiytoapp.SettingsFragment.pickImage$lambda$3:64 
2025-03-08 03:17:29.667  4403-4403  Toast                   com.deepcore.kiytoapp                I  show: isDexDualMode = false
2025-03-08 03:17:29.667  4403-4403  Toast                   com.deepcore.kiytoapp                I  show: contextDispId = 0 mCustomDisplayId = -1 focusedDisplayId = 0 isActivityContext = true
2025-03-08 03:17:29.676  4403-4403  InsetsSourceConsumer    com.deepcore.kiytoapp                I  applyRequestedVisibilityToControl: visible=true, type=navigationBars, host=com.deepcore.kiytoapp/com.deepcore.kiytoapp.MainActivity
2025-03-08 03:17:29.676  4403-4403  InsetsSourceConsumer    com.deepcore.kiytoapp                I  applyRequestedVisibilityToControl: visible=true, type=statusBars, host=com.deepcore.kiytoapp/com.deepcore.kiytoapp.MainActivity
2025-03-08 03:17:29.676  4403-4403  ViewRootIm...nActivity] com.deepcore.kiytoapp                I  handleWindowFocusChanged: 1 0 call from android.view.ViewRootImpl.-$$Nest$mhandleWindowFocusChanged:0
2025-03-08 03:17:29.677  4403-4403  ViewRootIm...nActivity] com.deepcore.kiytoapp                D  mThreadedRenderer.initializeIfNeeded()#2 mSurface={isValid=true 0xb4000074e419b000}
2025-03-08 03:17:29.677  4403-4403  InputMethodManagerUtils com.deepcore.kiytoapp                D  startInputInner - Id : 0
2025-03-08 03:17:29.677  4403-4403  InputMethodManager      com.deepcore.kiytoapp                I  startInputInner - IInputMethodManagerGlobalInvoker.startInputOrWindowGainedFocus
2025-03-08 03:17:29.695  4403-4403  InsetsSourceConsumer    com.deepcore.kiytoapp                I  applyRequestedVisibilityToControl: visible=false, type=ime, host=com.deepcore.kiytoapp/com.deepcore.kiytoapp.MainActivity
2025-03-08 03:17:35.649  4403-4403  ViewRootIm...nActivity] com.deepcore.kiytoapp                I  ViewPostIme pointer 0
2025-03-08 03:17:35.749  4403-4403  ViewRootIm...nActivity] com.deepcore.kiytoapp                I  ViewPostIme pointer 1
2025-03-08 03:17:35.795  4403-4403  FocusModeFragment       com.deepcore.kiytoapp                D  Slider initialisiert: Pomodoro=1.0, ShortBreak=1.0, LongBreak=1.0, PomodorosUntilLongBreak=4.0
2025-03-08 03:17:35.795  4403-4403  FocusModeFragment       com.deepcore.kiytoapp                D  Statistiken initialisiert
2025-03-08 03:17:35.796  4403-4403  FocusModeFragment       com.deepcore.kiytoapp                D  Pomodoro Timer Setup abgeschlossen
2025-03-08 03:17:35.796  4403-4403  FocusModeFragment       com.deepcore.kiytoapp                D  Observer Setup abgeschlossen
2025-03-08 03:17:35.796  4403-4403  FocusModeFragment       com.deepcore.kiytoapp                D  Einstellungen Setup abgeschlossen
2025-03-08 03:17:35.817  4403-4403  FocusModeFragment       com.deepcore.kiytoapp                D  Slider initialisiert: Pomodoro=1.0, ShortBreak=1.0, LongBreak=1.0, PomodorosUntilLongBreak=4.0
2025-03-08 03:17:35.819  4403-4403  NotificationHelper      com.deepcore.kiytoapp                D  Notification channel created successfully
2025-03-08 03:17:35.819  4403-4403  PomodoroViewModel       com.deepcore.kiytoapp                D  Loaded stats: pomodoros=0, focusTime=0
2025-03-08 03:17:35.819  4403-4403  PomodoroViewModel       com.deepcore.kiytoapp                D  Global statistics updated: pomodoros=0, focusTime=0
2025-03-08 03:17:35.819  4403-4403  PomodoroViewModel       com.deepcore.kiytoapp                D  Initialized with pomodoro: 1, short: 1, long: 1
2025-03-08 03:17:35.819  4403-4403  FocusModeFragment       com.deepcore.kiytoapp                D  Statistiken initialisiert
2025-03-08 03:17:35.819  4403-4403  FocusModeFragment       com.deepcore.kiytoapp                D  Pomodoro Timer Setup abgeschlossen
2025-03-08 03:17:35.819  4403-4403  FocusModeFragment       com.deepcore.kiytoapp                D  Observer Setup abgeschlossen
2025-03-08 03:17:35.820  4403-4403  FocusModeFragment       com.deepcore.kiytoapp                D  Einstellungen Setup abgeschlossen
2025-03-08 03:17:35.825  4403-4403  WindowOnBackDispatcher  com.deepcore.kiytoapp                W  sendCancelIfRunning: isInProgress=falsecallback=androidx.activity.OnBackPressedDispatcher$Api34Impl$createOnBackAnimationCallback$1@f775117
2025-03-08 03:17:35.830  4403-4403  BLASTBufferQueue_Java   com.deepcore.kiytoapp                I  update, w= 1440 h= 3088 mName = ViewRootImpl@7d9e28d[MainActivity] mNativeObject= 0xb4000074e9906a00 sc.mNativeObject= 0xb400007494b0fd00 format= -1 caller= android.view.ViewRootImpl.updateBlastSurfaceIfNeeded:3074 android.view.ViewRootImpl.relayoutWindow:10224 android.view.ViewRootImpl.performTraversals:4167 android.view.ViewRootImpl.doTraversal:3345 android.view.ViewRootImpl$TraversalRunnable.run:11437 android.view.Choreographer$CallbackRecord.run:1690 
2025-03-08 03:17:35.830  4403-4403  ViewRootIm...nActivity] com.deepcore.kiytoapp                I  Relayout returned: old=(0,0,1440,3088) new=(0,0,1440,3088) relayoutAsync=true req=(1440,3088)0 dur=0 res=0x0 s={true 0xb4000074e419b000} ch=false seqId=0
2025-03-08 03:17:35.831  4403-4403  ViewRootIm...nActivity] com.deepcore.kiytoapp                I  registerCallbackForPendingTransactions
2025-03-08 03:17:35.838  4403-4557  ViewRootIm...nActivity] com.deepcore.kiytoapp                I  mWNT: t=0xb4000074932f8500 mBlastBufferQueue=0xb4000074e9906a00 fn= 298 mRenderHdrSdrRatio=1.0 caller= android.view.ViewRootImpl$6.onFrameDraw:5705 android.view.ViewRootImpl$2.onFrameDraw:2190 android.view.ThreadedRenderer$1.onFrameDraw:792 
2025-03-08 03:17:36.031  4403-4403  PomodoroViewModel       com.deepcore.kiytoapp                D  ViewModel cleared
2025-03-08 03:17:37.874  4403-4403  ViewRootIm...nActivity] com.deepcore.kiytoapp                I  ViewPostIme pointer 0
2025-03-08 03:17:37.950  4403-4403  ViewRootIm...nActivity] com.deepcore.kiytoapp                I  ViewPostIme pointer 1
2025-03-08 03:17:37.974  4403-4403  TaskManager             com.deepcore.kiytoapp                D  Initialisiere TaskManager...
2025-03-08 03:17:37.974  4403-4403  TaskManager             com.deepcore.kiytoapp                D  TaskManager erfolgreich initialisiert
2025-03-08 03:17:37.974  4403-4403  TaskAIService           com.deepcore.kiytoapp                D  Initialisiere TaskAIService
2025-03-08 03:17:37.974  4403-4403  OpenAIService           com.deepcore.kiytoapp                D  OpenAI API-Key erfolgreich geladen
2025-03-08 03:17:37.974  4403-4403  ChatManager             com.deepcore.kiytoapp                D  Loading messages from prefs: [{"content":"Hallo! Ich bin dein KI-Assistent Kiyto. Ich kann dir bei der Aufgabenverwaltung, Priorisierung und Zeitplanung bedienlich sein. Kalender und Spotify öffnen. Bilder erstellen und analysieren. Wie kann ich dir heute helfen?","isPinned":false,"isUser":false,"timestamp":1741397096687}]
2025-03-08 03:17:37.975  4403-4403  ChatManager             com.deepcore.kiytoapp                D  Loaded 1 messages
2025-03-08 03:17:37.975  4403-4403  TaskManager             com.deepcore.kiytoapp                D  Initialisiere TaskManager...
2025-03-08 03:17:37.975  4403-4403  TaskManager             com.deepcore.kiytoapp                D  TaskManager erfolgreich initialisiert
2025-03-08 03:17:38.043  4403-4403  TextToSpeech            com.deepcore.kiytoapp                I  Sucessfully bound to com.samsung.SMT
2025-03-08 03:17:38.044  4403-4403  SpeechManager           com.deepcore.kiytoapp                D  STT initialisiert
2025-03-08 03:17:38.044  4403-4403  SpeechManager           com.deepcore.kiytoapp                D  SpeechManager initialisiert
2025-03-08 03:17:38.044  4403-4403  AIChatFragment          com.deepcore.kiytoapp                D  Fragment-Initialisierung erfolgreich
2025-03-08 03:17:38.044  4403-4403  AIChatFragment          com.deepcore.kiytoapp                D  Berechtigungen wurden bereits angefragt
2025-03-08 03:17:38.046  4403-4430  TextToSpeech            com.deepcore.kiytoapp                I  Connected to TTS engine
2025-03-08 03:17:38.048  4403-4788  TextToSpeech            com.deepcore.kiytoapp                I  Setting up the connection to TTS engine...
2025-03-08 03:17:38.060  4403-4403  InputMethodManager      com.deepcore.kiytoapp                I  invalidateInput
2025-03-08 03:17:38.061  4403-4403  InputMethodManager      com.deepcore.kiytoapp                I  invalidateInput
2025-03-08 03:17:38.070  4403-4403  AnimatorSet             com.deepcore.kiytoapp                D  mReversing is false. Don't call initChildren.
2025-03-08 03:17:38.070  4403-4403  AnimatorSet             com.deepcore.kiytoapp                D  mReversing is false. Don't call initChildren.
2025-03-08 03:17:38.070  4403-4403  AnimatorSet             com.deepcore.kiytoapp                D  mReversing is false. Don't call initChildren.
2025-03-08 03:17:38.071  4403-4403  AIChatFragment          com.deepcore.kiytoapp                D  Views erfolgreich initialisiert
2025-03-08 03:17:38.072  4403-4403  WindowOnBackDispatcher  com.deepcore.kiytoapp                W  sendCancelIfRunning: isInProgress=falsecallback=androidx.activity.OnBackPressedDispatcher$Api34Impl$createOnBackAnimationCallback$1@f775117
2025-03-08 03:17:38.076  4403-4403  BLASTBufferQueue_Java   com.deepcore.kiytoapp                I  update, w= 1440 h= 3088 mName = ViewRootImpl@7d9e28d[MainActivity] mNativeObject= 0xb4000074e9906a00 sc.mNativeObject= 0xb400007494b0fd00 format= -1 caller= android.view.ViewRootImpl.updateBlastSurfaceIfNeeded:3074 android.view.ViewRootImpl.relayoutWindow:10224 android.view.ViewRootImpl.performTraversals:4167 android.view.ViewRootImpl.doTraversal:3345 android.view.ViewRootImpl$TraversalRunnable.run:11437 android.view.Choreographer$CallbackRecord.run:1690 
2025-03-08 03:17:38.076  4403-4403  ViewRootIm...nActivity] com.deepcore.kiytoapp                I  Relayout returned: old=(0,0,1440,3088) new=(0,0,1440,3088) relayoutAsync=true req=(1440,3088)0 dur=0 res=0x0 s={true 0xb4000074e419b000} ch=false seqId=0
2025-03-08 03:17:38.078  4403-4403  ViewRootIm...nActivity] com.deepcore.kiytoapp                I  registerCallbackForPendingTransactions
2025-03-08 03:17:38.084  4403-4556  ViewRootIm...nActivity] com.deepcore.kiytoapp                I  mWNT: t=0xb4000074932f7180 mBlastBufferQueue=0xb4000074e9906a00 fn= 397 mRenderHdrSdrRatio=1.0 caller= android.view.ViewRootImpl$6.onFrameDraw:5705 android.view.ViewRootImpl$2.onFrameDraw:2190 android.view.ThreadedRenderer$1.onFrameDraw:792 
2025-03-08 03:17:38.093  4403-4403  SpeechManager           com.deepcore.kiytoapp                D  TTS erfolgreich initialisiert
2025-03-08 03:17:38.093  4403-4403  AIChatFragment          com.deepcore.kiytoapp                D  Chat-Historie geladen: 1 Nachrichten
2025-03-08 03:17:38.280  4403-4403  PomodoroViewModel       com.deepcore.kiytoapp                D  ViewModel cleared
2025-03-08 03:17:39.147  4403-4403  ViewRootIm...nActivity] com.deepcore.kiytoapp                I  ViewPostIme pointer 0
2025-03-08 03:17:39.258  4403-4403  ViewRootIm...nActivity] com.deepcore.kiytoapp                I  ViewPostIme pointer 1
2025-03-08 03:17:39.296  4403-4403  InputMethodManager      com.deepcore.kiytoapp                I  invalidateInput
2025-03-08 03:17:39.297  4403-4403  InputMethodManager      com.deepcore.kiytoapp                I  invalidateInput
2025-03-08 03:17:39.334  4403-4403  AutofillManager         com.deepcore.kiytoapp                D  view not autofillable - not passing ime action check
2025-03-08 03:17:39.335  4403-4403  AutofillManager         com.deepcore.kiytoapp                D  view not autofillable - not passing ime action check
2025-03-08 03:17:39.335  4403-4403  AnimatorSet             com.deepcore.kiytoapp                D  mReversing is false. Don't call initChildren.
2025-03-08 03:17:39.335  4403-4403  AnimatorSet             com.deepcore.kiytoapp                D  mReversing is false. Don't call initChildren.
2025-03-08 03:17:39.336  4403-4403  AnimatorSet             com.deepcore.kiytoapp                D  mReversing is false. Don't call initChildren.
2025-03-08 03:17:39.336  4403-4403  AnimatorSet             com.deepcore.kiytoapp                D  mReversing is false. Don't call initChildren.
2025-03-08 03:17:39.336  4403-4403  AnimatorSet             com.deepcore.kiytoapp                D  mReversing is false. Don't call initChildren.
2025-03-08 03:17:39.336  4403-4403  TaskManager             com.deepcore.kiytoapp                D  Initialisiere TaskManager...
2025-03-08 03:17:39.336  4403-4403  TaskManager             com.deepcore.kiytoapp                D  TaskManager erfolgreich initialisiert
2025-03-08 03:17:39.338  4403-4403  TaskManager             com.deepcore.kiytoapp                D  Lade Aufgaben nach Fälligkeitsdatum (includeCompleted: false)
2025-03-08 03:17:39.339  4403-4403  AutofillManager         com.deepcore.kiytoapp                D  view not autofillable - not passing ime action check
2025-03-08 03:17:39.340  4403-4403  AutofillManager         com.deepcore.kiytoapp                D  view not autofillable - not passing ime action check
2025-03-08 03:17:39.340  4403-4403  WindowOnBackDispatcher  com.deepcore.kiytoapp                W  sendCancelIfRunning: isInProgress=falsecallback=androidx.activity.OnBackPressedDispatcher$Api34Impl$createOnBackAnimationCallback$1@f775117
2025-03-08 03:17:39.345  4403-4403  AutofillManager         com.deepcore.kiytoapp                D  view not autofillable - not passing ime action check
2025-03-08 03:17:40.403  4403-4403  ViewRootIm...nActivity] com.deepcore.kiytoapp                I  ViewPostIme pointer 0
2025-03-08 03:17:40.524  4403-4403  ViewRootIm...nActivity] com.deepcore.kiytoapp                I  ViewPostIme pointer 1
2025-03-08 03:17:40.553  4403-4403  TaskManager             com.deepcore.kiytoapp                D  Initialisiere TaskManager...
2025-03-08 03:17:40.553  4403-4403  TaskManager             com.deepcore.kiytoapp                D  TaskManager erfolgreich initialisiert
2025-03-08 03:17:40.553  4403-4403  TaskManager             com.deepcore.kiytoapp                D  Initialisiere TaskManager...
2025-03-08 03:17:40.553  4403-4403  TaskManager             com.deepcore.kiytoapp                D  TaskManager erfolgreich initialisiert
2025-03-08 03:17:40.553  4403-4403  TaskAIService           com.deepcore.kiytoapp                D  Initialisiere TaskAIService
2025-03-08 03:17:40.553  4403-4403  OpenAIService           com.deepcore.kiytoapp                D  OpenAI API-Key erfolgreich geladen
2025-03-08 03:17:40.630  4403-4424  InputTransport          com.deepcore.kiytoapp                D  Input channel destroyed: 'ClientS', fd=140
2025-03-08 03:17:40.630  4403-4403  DailyInspirationManager com.deepcore.kiytoapp                D  Initialisiere TextToSpeech
2025-03-08 03:17:40.630  4403-4424  InputTransport          com.deepcore.kiytoapp                D  Input channel destroyed: 'ClientS', fd=133
2025-03-08 03:17:40.632  4403-4403  TextToSpeech            com.deepcore.kiytoapp                I  Sucessfully bound to com.samsung.SMT
2025-03-08 03:17:40.634  4403-4806  TextToSpeech            com.deepcore.kiytoapp                I  Connected to TTS engine
2025-03-08 03:17:40.634  4403-4426  epcore.kiytoapp         com.deepcore.kiytoapp                W  ApkAssets: Deleting an ApkAssets object '<empty> and /data/app/~~u7Dx2phY1Z7VD2-_HpNoQg==/com.samsung.SMT-f7xBaJIHKGENvCuuD-EOJw==/base.apk' with 1 weak references
2025-03-08 03:17:40.635  4403-5097  TextToSpeech            com.deepcore.kiytoapp                I  Setting up the connection to TTS engine...
2025-03-08 03:17:40.665  4403-4403  AnimatorSet             com.deepcore.kiytoapp                D  mReversing is false. Don't call initChildren.
2025-03-08 03:17:40.665  4403-4403  AnimatorSet             com.deepcore.kiytoapp                D  mReversing is false. Don't call initChildren.
2025-03-08 03:17:40.665  4403-4403  AnimatorSet             com.deepcore.kiytoapp                D  mReversing is false. Don't call initChildren.
2025-03-08 03:17:40.666  4403-4403  AnimatorSet             com.deepcore.kiytoapp                D  mReversing is false. Don't call initChildren.
2025-03-08 03:17:40.666  4403-4403  AnimatorSet             com.deepcore.kiytoapp                D  mReversing is false. Don't call initChildren.
2025-03-08 03:17:40.701  4403-4403  TaskManager             com.deepcore.kiytoapp                D  Lade alle Aufgaben
2025-03-08 03:17:40.702  4403-4403  DashboardFragment       com.deepcore.kiytoapp                D  Starte Setup der täglichen Inspiration
2025-03-08 03:17:40.702  4403-4403  DashboardFragment       com.deepcore.kiytoapp                D  Starte Laden des Zitats
2025-03-08 03:17:40.703  4403-4403  TaskManager             com.deepcore.kiytoapp                D  Lade alle Aufgaben
2025-03-08 03:17:40.703  4403-4403  DashboardFragment       com.deepcore.kiytoapp                D  Starte Laden der priorisierten Aufgaben
2025-03-08 03:17:40.703  4403-4403  TaskManager             com.deepcore.kiytoapp                D  Lade alle Aufgaben
2025-03-08 03:17:40.704  4403-4403  SessionManager          com.deepcore.kiytoapp                D  Gespeicherte Fokuszeit für 2025-03-08: 0 Minuten
2025-03-08 03:17:40.704  4403-4403  SessionManager          com.deepcore.kiytoapp                D  Fokuszeit für 2025-03-08: 0 Minuten
2025-03-08 03:17:40.705  4403-4403  SessionManager          com.deepcore.kiytoapp                D  Gespeicherte Fokuszeit für 2025-03-08: 0 Minuten
2025-03-08 03:17:40.705  4403-4403  SessionManager          com.deepcore.kiytoapp                D  Fokuszeit für 2025-03-08: 0 Minuten
2025-03-08 03:17:40.706  4403-4403  SessionManager          com.deepcore.kiytoapp                D  Gespeicherte Fokuszeit für 2025-03-08: 0 Minuten
2025-03-08 03:17:40.706  4403-4403  SessionManager          com.deepcore.kiytoapp                D  Fokuszeit für 2025-03-08: 0 Minuten
2025-03-08 03:17:40.706  4403-4403  SessionManager          com.deepcore.kiytoapp                D  Gespeicherte Fokuszeit für 2025-03-08: 0 Minuten
2025-03-08 03:17:40.706  4403-4403  SessionManager          com.deepcore.kiytoapp                D  Fokuszeit heute abgerufen: 0 Minuten
2025-03-08 03:17:40.709  4403-4403  DashboardFragment       com.deepcore.kiytoapp                E  Fehler bei der Fragment-Initialisierung (Ask Gemini)
                                                                                                    java.lang.NullPointerException
                                                                                                    	at com.deepcore.kiytoapp.DashboardFragment.getMonthYearText(DashboardFragment.kt:92)
                                                                                                    	at com.deepcore.kiytoapp.DashboardFragment.updateMonthYearText(DashboardFragment.kt:749)
                                                                                                    	at com.deepcore.kiytoapp.DashboardFragment.setupMonthNavigation(DashboardFragment.kt:732)
                                                                                                    	at com.deepcore.kiytoapp.DashboardFragment.initializeViews(DashboardFragment.kt:211)
                                                                                                    	at com.deepcore.kiytoapp.DashboardFragment.onViewCreated(DashboardFragment.kt:129)
                                                                                                    	at androidx.fragment.app.Fragment.performViewCreated(Fragment.java:3147)
                                                                                                    	at androidx.fragment.app.FragmentStateManager.createView(FragmentStateManager.java:588)
                                                                                                    	at androidx.fragment.app.FragmentStateManager.moveToExpectedState(FragmentStateManager.java:272)
                                                                                                    	at androidx.fragment.app.FragmentManager.executeOpsTogether(FragmentManager.java:1943)
                                                                                                    	at androidx.fragment.app.FragmentManager.removeRedundantOperationsAndExecute(FragmentManager.java:1839)
                                                                                                    	at androidx.fragment.app.FragmentManager.execPendingActions(FragmentManager.java:1782)
                                                                                                    	at androidx.fragment.app.FragmentManager$5.run(FragmentManager.java:565)
                                                                                                    	at android.os.Handler.handleCallback(Handler.java:958)
                                                                                                    	at android.os.Handler.dispatchMessage(Handler.java:99)
                                                                                                    	at android.os.Looper.loopOnce(Looper.java:230)
                                                                                                    	at android.os.Looper.loop(Looper.java:319)
                                                                                                    	at android.app.ActivityThread.main(ActivityThread.java:9063)
                                                                                                    	at java.lang.reflect.Method.invoke(Native Method)
                                                                                                    	at com.android.internal.os.RuntimeInit$MethodAndArgsCaller.run(RuntimeInit.java:588)
                                                                                                    	at com.android.internal.os.ZygoteInit.main(ZygoteInit.java:1103)
2025-03-08 03:17:40.711  4403-4403  TaskManager             com.deepcore.kiytoapp                D  Lade alle Aufgaben
2025-03-08 03:17:40.711  4403-4403  TaskManager             com.deepcore.kiytoapp                D  Lade alle Aufgaben
2025-03-08 03:17:40.712  4403-4403  WindowOnBackDispatcher  com.deepcore.kiytoapp                W  sendCancelIfRunning: isInProgress=falsecallback=androidx.activity.OnBackPressedDispatcher$Api34Impl$createOnBackAnimationCallback$1@f775117
2025-03-08 03:17:40.738  4403-4403  DailyInspirationManager com.deepcore.kiytoapp                D  TextToSpeech erfolgreich initialisiert
2025-03-08 03:17:40.742  4403-4403  OpenAIService           com.deepcore.kiytoapp                D  Lokale Antwort: Möchten Sie einen Timer für 25 Minuten starten?
2025-03-08 03:17:40.743  4403-4403  DashboardFragment       com.deepcore.kiytoapp                D  Zitat geladen: Zeit ist keine Ressource, die man sparen kann, sondern eine, die man klug investieren muss.
2025-03-08 03:17:40.748  4403-4403  DashboardFragment       com.deepcore.kiytoapp                D  Geladene Aufgaben: 0
2025-03-08 03:17:40.748  4403-4403  DashboardFragment       com.deepcore.kiytoapp                D  Nicht abgeschlossene Aufgaben: 0
2025-03-08 03:17:40.748  4403-4403  DashboardFragment       com.deepcore.kiytoapp                D  Nach Datum sortierte Aufgaben: 0
2025-03-08 03:17:40.748  4403-4403  DashboardFragment       com.deepcore.kiytoapp                D  Finale Anzahl priorisierter Aufgaben: 0
2025-03-08 03:17:40.748  4403-4403  DashboardFragment       com.deepcore.kiytoapp                D  Adapter erfolgreich aktualisiert
2025-03-08 03:17:40.749  4403-4403  SessionManager          com.deepcore.kiytoapp                D  Gespeicherte Fokuszeit für 2025-03-08: 0 Minuten
2025-03-08 03:17:40.749  4403-4403  SessionManager          com.deepcore.kiytoapp                D  Fokuszeit für 2025-03-08: 0 Minuten
2025-03-08 03:17:40.750  4403-4403  SessionManager          com.deepcore.kiytoapp                D  Gespeicherte Fokuszeit für 2025-03-08: 0 Minuten
2025-03-08 03:17:40.750  4403-4403  SessionManager          com.deepcore.kiytoapp                D  Fokuszeit für 2025-03-08: 0 Minuten
2025-03-08 03:17:40.750  4403-4403  SessionManager          com.deepcore.kiytoapp                D  Gespeicherte Fokuszeit für 2025-03-08: 0 Minuten
2025-03-08 03:17:40.750  4403-4403  SessionManager          com.deepcore.kiytoapp                D  Fokuszeit für 2025-03-08: 0 Minuten
2025-03-08 03:17:40.751  4403-4403  SessionManager          com.deepcore.kiytoapp                D  Gespeicherte Fokuszeit für 2025-03-08: 0 Minuten
2025-03-08 03:17:40.751  4403-4403  SessionManager          com.deepcore.kiytoapp                D  Fokuszeit für 2025-03-08: 0 Minuten
2025-03-08 03:17:40.751  4403-4403  SessionManager          com.deepcore.kiytoapp                D  Gespeicherte Fokuszeit für 2025-03-08: 0 Minuten
2025-03-08 03:17:40.751  4403-4403  SessionManager          com.deepcore.kiytoapp                D  Fokuszeit heute abgerufen: 0 Minuten
2025-03-08 03:17:40.752  4403-4403  SessionManager          com.deepcore.kiytoapp                D  Gespeicherte Fokuszeit für 2025-03-08: 0 Minuten
2025-03-08 03:17:40.752  4403-4403  SessionManager          com.deepcore.kiytoapp                D  Fokuszeit für 2025-03-08: 0 Minuten
2025-03-08 03:17:40.753  4403-4403  SessionManager          com.deepcore.kiytoapp                D  Gespeicherte Fokuszeit für 2025-03-08: 0 Minuten
2025-03-08 03:17:40.753  4403-4403  SessionManager          com.deepcore.kiytoapp                D  Fokuszeit für 2025-03-08: 0 Minuten
2025-03-08 03:17:40.753  4403-4403  SessionManager          com.deepcore.kiytoapp                D  Gespeicherte Fokuszeit für 2025-03-08: 0 Minuten
2025-03-08 03:17:40.753  4403-4403  SessionManager          com.deepcore.kiytoapp                D  Fokuszeit für 2025-03-08: 0 Minuten
2025-03-08 03:17:40.753  4403-4403  SessionManager          com.deepcore.kiytoapp                D  Gespeicherte Fokuszeit für 2025-03-08: 0 Minuten
2025-03-08 03:17:40.753  4403-4403  SessionManager          com.deepcore.kiytoapp                D  Fokuszeit für 2025-03-08: 0 Minuten
2025-03-08 03:17:40.753  4403-4403  SessionManager          com.deepcore.kiytoapp                D  Gespeicherte Fokuszeit für 2025-03-08: 0 Minuten
2025-03-08 03:17:40.753  4403-4403  SessionManager          com.deepcore.kiytoapp                D  Fokuszeit heute abgerufen: 0 Minuten
2025-03-08 03:17:40.754  4403-4403  SessionManager          com.deepcore.kiytoapp                D  Gespeicherte Fokuszeit für 2025-03-08: 0 Minuten
2025-03-08 03:17:40.754  4403-4403  SessionManager          com.deepcore.kiytoapp                D  Fokuszeit für 2025-03-08: 0 Minuten
2025-03-08 03:17:40.755  4403-4403  SessionManager          com.deepcore.kiytoapp                D  Gespeicherte Fokuszeit für 2025-03-08: 0 Minuten
2025-03-08 03:17:40.755  4403-4403  SessionManager          com.deepcore.kiytoapp                D  Fokuszeit für 2025-03-08: 0 Minuten
2025-03-08 03:17:40.755  4403-4403  SessionManager          com.deepcore.kiytoapp                D  Gespeicherte Fokuszeit für 2025-03-08: 0 Minuten
2025-03-08 03:17:40.755  4403-4403  SessionManager          com.deepcore.kiytoapp                D  Fokuszeit für 2025-03-08: 0 Minuten
2025-03-08 03:17:40.755  4403-4403  SessionManager          com.deepcore.kiytoapp                D  Gespeicherte Fokuszeit für 2025-03-08: 0 Minuten
2025-03-08 03:17:40.755  4403-4403  SessionManager          com.deepcore.kiytoapp                D  Fokuszeit für 2025-03-08: 0 Minuten
2025-03-08 03:17:40.755  4403-4403  SessionManager          com.deepcore.kiytoapp                D  Gespeicherte Fokuszeit für 2025-03-08: 0 Minuten
2025-03-08 03:17:40.755  4403-4403  SessionManager          com.deepcore.kiytoapp                D  Fokuszeit heute abgerufen: 0 Minuten
2025-03-08 03:17:40.757  4403-4403  SessionManager          com.deepcore.kiytoapp                D  Gespeicherte Fokuszeit für 2025-03-08: 0 Minuten
2025-03-08 03:17:40.757  4403-4403  SessionManager          com.deepcore.kiytoapp                D  Fokuszeit für 2025-03-08: 0 Minuten
2025-03-08 03:17:40.757  4403-4403  SessionManager          com.deepcore.kiytoapp                D  Gespeicherte Fokuszeit für 2025-03-08: 0 Minuten
2025-03-08 03:17:40.757  4403-4403  SessionManager          com.deepcore.kiytoapp                D  Fokuszeit für 2025-03-08: 0 Minuten
2025-03-08 03:17:40.757  4403-4403  SessionManager          com.deepcore.kiytoapp                D  Gespeicherte Fokuszeit für 2025-03-08: 0 Minuten
2025-03-08 03:17:40.757  4403-4403  SessionManager          com.deepcore.kiytoapp                D  Fokuszeit für 2025-03-08: 0 Minuten
2025-03-08 03:17:40.757  4403-4403  SessionManager          com.deepcore.kiytoapp                D  Gespeicherte Fokuszeit für 2025-03-08: 0 Minuten
2025-03-08 03:17:40.757  4403-4403  SessionManager          com.deepcore.kiytoapp                D  Fokuszeit für 2025-03-08: 0 Minuten
2025-03-08 03:17:40.758  4403-4403  SessionManager          com.deepcore.kiytoapp                D  Gespeicherte Fokuszeit für 2025-03-08: 0 Minuten
2025-03-08 03:17:40.758  4403-4403  SessionManager          com.deepcore.kiytoapp                D  Fokuszeit heute abgerufen: 0 Minuten
2025-03-08 03:17:40.934  4403-4403  AutofillManager         com.deepcore.kiytoapp                D  view not autofillable - not passing ime action check
2025-03-08 03:17:40.935  4403-4403  AutofillManager         com.deepcore.kiytoapp                D  view not autofillable - not passing ime action check
2025-03-08 03:18:10.730  4403-4403  TaskManager             com.deepcore.kiytoapp                D  Lade alle Aufgaben
2025-03-08 03:18:10.755  4403-4403  SessionManager          com.deepcore.kiytoapp                D  Gespeicherte Fokuszeit für 2025-03-08: 0 Minuten
2025-03-08 03:18:10.756  4403-4403  SessionManager          com.deepcore.kiytoapp                D  Fokuszeit für 2025-03-08: 0 Minuten
2025-03-08 03:18:10.762  4403-4403  SessionManager          com.deepcore.kiytoapp                D  Gespeicherte Fokuszeit für 2025-03-08: 0 Minuten
2025-03-08 03:18:10.762  4403-4403  SessionManager          com.deepcore.kiytoapp                D  Fokuszeit für 2025-03-08: 0 Minuten
2025-03-08 03:18:10.765  4403-4403  SessionManager          com.deepcore.kiytoapp                D  Gespeicherte Fokuszeit für 2025-03-08: 0 Minuten
2025-03-08 03:18:10.765  4403-4403  SessionManager          com.deepcore.kiytoapp                D  Fokuszeit für 2025-03-08: 0 Minuten
2025-03-08 03:18:10.767  4403-4403  SessionManager          com.deepcore.kiytoapp                D  Gespeicherte Fokuszeit für 2025-03-08: 0 Minuten
2025-03-08 03:18:10.767  4403-4403  SessionManager          com.deepcore.kiytoapp                D  Fokuszeit für 2025-03-08: 0 Minuten
2025-03-08 03:18:10.769  4403-4403  SessionManager          com.deepcore.kiytoapp                D  Gespeicherte Fokuszeit für 2025-03-08: 0 Minuten
2025-03-08 03:18:10.769  4403-4403  SessionManager          com.deepcore.kiytoapp                D  Fokuszeit heute abgerufen: 0 Minuten
2025-03-08 03:18:40.747  4403-4403  TaskManager             com.deepcore.kiytoapp                D  Lade alle Aufgaben
2025-03-08 03:18:40.757  4403-4403  SessionManager          com.deepcore.kiytoapp                D  Gespeicherte Fokuszeit für 2025-03-08: 0 Minuten
2025-03-08 03:18:40.757  4403-4403  SessionManager          com.deepcore.kiytoapp                D  Fokuszeit für 2025-03-08: 0 Minuten
2025-03-08 03:18:40.761  4403-4403  SessionManager          com.deepcore.kiytoapp                D  Gespeicherte Fokuszeit für 2025-03-08: 0 Minuten
2025-03-08 03:18:40.761  4403-4403  SessionManager          com.deepcore.kiytoapp                D  Fokuszeit für 2025-03-08: 0 Minuten
2025-03-08 03:18:40.762  4403-4403  SessionManager          com.deepcore.kiytoapp                D  Gespeicherte Fokuszeit für 2025-03-08: 0 Minuten
2025-03-08 03:18:40.762  4403-4403  SessionManager          com.deepcore.kiytoapp                D  Fokuszeit für 2025-03-08: 0 Minuten
2025-03-08 03:18:40.763  4403-4403  SessionManager          com.deepcore.kiytoapp                D  Gespeicherte Fokuszeit für 2025-03-08: 0 Minuten
2025-03-08 03:18:40.763  4403-4403  SessionManager          com.deepcore.kiytoapp                D  Fokuszeit für 2025-03-08: 0 Minuten
2025-03-08 03:18:40.764  4403-4403  SessionManager          com.deepcore.kiytoapp                D  Gespeicherte Fokuszeit für 2025-03-08: 0 Minuten
2025-03-08 03:18:40.764  4403-4403  SessionManager          com.deepcore.kiytoapp                D  Fokuszeit heute abgerufen: 0 Minuten
2025-03-08 03:19:10.782  4403-4403  TaskManager             com.deepcore.kiytoapp                D  Lade alle Aufgaben
2025-03-08 03:19:10.808  4403-4403  SessionManager          com.deepcore.kiytoapp                D  Gespeicherte Fokuszeit für 2025-03-08: 0 Minuten
2025-03-08 03:19:10.809  4403-4403  SessionManager          com.deepcore.kiytoapp                D  Fokuszeit für 2025-03-08: 0 Minuten
2025-03-08 03:19:10.817  4403-4403  SessionManager          com.deepcore.kiytoapp                D  Gespeicherte Fokuszeit für 2025-03-08: 0 Minuten
2025-03-08 03:19:10.818  4403-4403  SessionManager          com.deepcore.kiytoapp                D  Fokuszeit für 2025-03-08: 0 Minuten
2025-03-08 03:19:10.820  4403-4403  SessionManager          com.deepcore.kiytoapp                D  Gespeicherte Fokuszeit für 2025-03-08: 0 Minuten
2025-03-08 03:19:10.820  4403-4403  SessionManager          com.deepcore.kiytoapp                D  Fokuszeit für 2025-03-08: 0 Minuten
2025-03-08 03:19:10.823  4403-4403  SessionManager          com.deepcore.kiytoapp                D  Gespeicherte Fokuszeit für 2025-03-08: 0 Minuten
2025-03-08 03:19:10.823  4403-4403  SessionManager          com.deepcore.kiytoapp                D  Fokuszeit für 2025-03-08: 0 Minuten
2025-03-08 03:19:10.826  4403-4403  SessionManager          com.deepcore.kiytoapp                D  Gespeicherte Fokuszeit für 2025-03-08: 0 Minuten
2025-03-08 03:19:10.826  4403-4403  SessionManager          com.deepcore.kiytoapp                D  Fokuszeit heute abgerufen: 0 Minuten