2025-03-08 03:16:53.461  4403-4403  InsetsController        com.deepcore.kiytoapp                I  cancelAnimation: types=statusBars, animType=0, host=com.deepcore.kiytoapp/com.deepcore.kiytoapp.WelcomeActivity, from=android.view.InsetsController.notifyFinished:1783 android.view.InsetsAnimationThreadControlRunner$1.lambda$notifyFinished$0:85 android.view.InsetsAnimationThreadControlRunner$1.$r8$lambda$RAf1SfIREsj9-wH5FOigMy6eLkM:0 
2025-03-08 03:16:53.479  4403-4557  ViewRootIm...eActivity] com.deepcore.kiytoapp                I  mWNT: t=0xb4000074e9918200 mBlastBufferQueue=0xb4000074e4292600 fn= 21 mRenderHdrSdrRatio=1.0 caller= android.view.SyncRtSurfaceTransactionApplier.applyTransaction:96 android.view.SyncRtSurfaceTransactionApplier.lambda$scheduleApply$0:69 android.view.SyncRtSurfaceTransactionApplier.$r8$lambda$SgowXC58rj3PR958kHUfRgLZmvE:0 
2025-03-08 03:16:53.684  4403-4403  ViewRootIm...hActivity] com.deepcore.kiytoapp                I  handleAppVisibility mAppVisible = true visible = false
2025-03-08 03:16:53.699  4403-4403  ViewRootIm...hActivity] com.deepcore.kiytoapp                I  destroyHardwareResources: Callers=android.view.ViewRootImpl.performTraversals:3989 android.view.ViewRootImpl.doTraversal:3345 android.view.ViewRootImpl$TraversalRunnable.run:11437 android.view.Choreographer$CallbackRecord.run:1690 android.view.Choreographer$CallbackRecord.run:1699 android.view.Choreographer.doCallbacks:1154 android.view.Choreographer.doFrame:1080 android.view.Choreographer$FrameDisplayEventReceiver.run:1647 android.os.Handler.handleCallback:958 android.os.Handler.dispatchMessage:99 
2025-03-08 03:16:53.706  4403-4403  ViewRootIm...hActivity] com.deepcore.kiytoapp                I  Relayout returned: old=(0,100,1440,3088) new=(0,100,1440,3088) relayoutAsync=false req=(1440,2988)8 dur=4 res=0x402 s={false 0x0} ch=true seqId=0
2025-03-08 03:16:53.713  4403-4403  ViewRootIm...hActivity] com.deepcore.kiytoapp                I  stopped(true) old = false
2025-03-08 03:16:53.713  4403-4403  ViewRootIm...hActivity] com.deepcore.kiytoapp                D  WindowStopped on com.deepcore.kiytoapp/com.deepcore.kiytoapp.SplashActivity set to true
2025-03-08 03:16:53.716  4403-4403  WindowOnBackDispatcher  com.deepcore.kiytoapp                W  sendCancelIfRunning: isInProgress=falsecallback=android.app.Activity$$ExternalSyntheticLambda0@888d071
2025-03-08 03:16:53.718  4403-4403  ViewRootIm...hActivity] com.deepcore.kiytoapp                I  dispatchDetachedFromWindow
2025-03-08 03:16:53.721  4403-4403  InputTransport          com.deepcore.kiytoapp                D  Input channel destroyed: 'f65620b', fd=103
2025-03-08 03:16:54.098  4403-4684  ProfileInstaller        com.deepcore.kiytoapp                D  Installing profile for com.deepcore.kiytoapp
2025-03-08 03:17:09.738  4403-4403  ViewRootIm...eActivity] com.deepcore.kiytoapp                I  ViewPostIme pointer 0
2025-03-08 03:17:09.741  4403-4423  epcore.kiytoapp         com.deepcore.kiytoapp                W  Cleared Reference was only reachable from finalizer (only reported once)
2025-03-08 03:17:09.745  4403-4403  AnimatorSet             com.deepcore.kiytoapp                D  mReversing is false. Don't call initChildren.
2025-03-08 03:17:09.749  4403-4424  InputTransport          com.deepcore.kiytoapp                D  Input channel destroyed: 'ClientS', fd=180
2025-03-08 03:17:09.821  4403-4403  ViewRootIm...eActivity] com.deepcore.kiytoapp                I  ViewPostIme pointer 1
2025-03-08 03:17:09.847  4403-4403  AnimatorSet             com.deepcore.kiytoapp                D  mReversing is false. Don't call initChildren.
2025-03-08 03:17:09.896  4403-4403  DecorView               com.deepcore.kiytoapp                I  setWindowBackground: isPopOver=false color=ff121212 d=android.graphics.drawable.ColorDrawable@c7ab919
2025-03-08 03:17:09.915  4403-4529  NativeCust...ncyManager com.deepcore.kiytoapp                D  [NativeCFMS] BpCustomFrequencyManager::BpCustomFrequencyManager()
2025-03-08 03:17:09.920  4403-4403  InsetsController        com.deepcore.kiytoapp                I  onStateChanged: host=com.deepcore.kiytoapp/com.deepcore.kiytoapp.MainActivity, from=android.view.ViewRootImpl.setView:1797, state=InsetsState: {mDisplayFrame=Rect(0, 0 - 1440, 3088), mDisplayCutout=DisplayCutout{insets=Rect(0, 100 - 0, 0) waterfall=Insets{left=0, top=0, right=0, bottom=0} boundingRect={Bounds=[Rect(0, 0 - 0, 0), Rect(685, 0 - 756, 100), Rect(0, 0 - 0, 0), Rect(0, 0 - 0, 0)]} cutoutPathParserInfo={CutoutPathParserInfo{displayWidth=1440 displayHeight=3088 physicalDisplayWidth=1440 physicalDisplayHeight=3088 density={3.75} cutoutSpec={M 0,0 H -9.466666666666667 V 26.66666666666667‬ H 9.466666666666667 V 0 H 0 Z @dp} rotation={0} scale={1.0} physicalPixelDisplaySizeRatio={1.0}}}}, mRoundedCorners=RoundedCorners{[RoundedCorner{position=TopLeft, radius=14, center=Point(14, 14)}, RoundedCorner{position=TopRight, radius=14, center=Point(1426, 14)}, RoundedCorner{position=BottomRight, radius=14, center=Point(1426, 3074)}, RoundedCorner{position=BottomLeft, radius=14, center=Point(14, 3074)}]}  mRoundedCornerFrame=Rect(0, 0 - 1440, 3088), mPrivacyIndicatorBounds=PrivacyIndicatorBounds {static bounds=Rect(1286, 0 - 1440, 100) rotation=0}, mDisplayShape=DisplayShape{ spec=-311912193 displayWidth=1440 displayHeight=3088 physicalPixelDisplaySizeRatio=1.0 rotation=0 offsetX=0 offsetY=0 scale=1.0}, mSources= { InsetsSource: {a4aa0000 mType=statusBars mFrame=[0,0][1440,100] mVisible=true mFlags=[]}, InsetsSource: {a4aa0005 mType=mandatorySystemGestures mFrame=[0,0][1440,142] mVisible=true mFlags=[]}, InsetsSource: {a4aa0006 mType=tappableElement mFrame=[0,0][1440,100] mVisible=true mFlags=[]}, InsetsSource: {27 mType=displayCutout mFrame=[0,0][1440,100] mVisible=true mFlags=[]}, InsetsSource: {6800001 mType=navigationBars mFrame=[0,0][0,0] mVisible=true mFlags=[SUPPRESS_SCRIM]}, InsetsSource: {6800004 mType=systemGestures mFrame=[0,0][105,3088] mVisible=true mFlags=[]}, InsetsSource: {6800005 mType=mandatorySystemGestures mFrame=[0,3001][1440,3088] mVisible=true mFlags=[]}, InsetsSource: {6800006 mType=tappableElement mFrame=[0,0][0,0] mVisible=true mFlags=[]}, InsetsSource: {6800024 mType=systemGestures mFrame=[1335,0][1440,3088] mVisible=true mFlags=[]} }
2025-03-08 03:17:09.920  4403-4403  ViewRootIm...nActivity] com.deepcore.kiytoapp                I  synced displayState. AttachInfo displayState=2
2025-03-08 03:17:09.921  4403-4403  ViewRootIm...nActivity] com.deepcore.kiytoapp                I  setView = com.android.internal.policy.DecorView@549e190 TM=true
2025-03-08 03:17:09.929  4403-4403  InsetsController        com.deepcore.kiytoapp                I  onStateChanged: host=com.deepcore.kiytoapp/com.deepcore.kiytoapp.MainActivity, from=android.view.ViewRootImpl.relayoutWindow:10165, state=InsetsState: {mDisplayFrame=Rect(0, 0 - 1440, 3088), mDisplayCutout=DisplayCutout{insets=Rect(0, 100 - 0, 0) waterfall=Insets{left=0, top=0, right=0, bottom=0} boundingRect={Bounds=[Rect(0, 0 - 0, 0), Rect(685, 0 - 756, 100), Rect(0, 0 - 0, 0), Rect(0, 0 - 0, 0)]} cutoutPathParserInfo={CutoutPathParserInfo{displayWidth=1440 displayHeight=3088 physicalDisplayWidth=1440 physicalDisplayHeight=3088 density={3.75} cutoutSpec={M 0,0 H -9.466666666666667 V 26.66666666666667‬ H 9.466666666666667 V 0 H 0 Z @dp} rotation={0} scale={1.0} physicalPixelDisplaySizeRatio={1.0}}}}, mRoundedCorners=RoundedCorners{[RoundedCorner{position=TopLeft, radius=14, center=Point(14, 14)}, RoundedCorner{position=TopRight, radius=14, center=Point(1426, 14)}, RoundedCorner{position=BottomRight, radius=14, center=Point(1426, 3074)}, RoundedCorner{position=BottomLeft, radius=14, center=Point(14, 3074)}]}  mRoundedCornerFrame=Rect(0, 0 - 1440, 3088), mPrivacyIndicatorBounds=PrivacyIndicatorBounds {static bounds=Rect(1286, 0 - 1440, 100) rotation=0}, mDisplayShape=DisplayShape{ spec=-311912193 displayWidth=1440 displayHeight=3088 physicalPixelDisplaySizeRatio=1.0 rotation=0 offsetX=0 offsetY=0 scale=1.0}, mSources= { InsetsSource: {a4aa0000 mType=statusBars mFrame=[0,0][1440,100] mVisible=true mFlags=[]}, InsetsSource: {a4aa0005 mType=mandatorySystemGestures mFrame=[0,0][1440,142] mVisible=true mFlags=[]}, InsetsSource: {a4aa0006 mType=tappableElement mFrame=[0,0][1440,100] mVisible=true mFlags=[]}, InsetsSource: {3 mType=ime mFrame=[0,0][0,0] mVisible=false mFlags=[]}, InsetsSource: {27 mType=displayCutout mFrame=[0,0][1440,100] mVisible=true mFlags=[]}, InsetsSource: {6800001 mType=navigationBars mFrame=[0,0][0,0] mVisible=true mFlags=[SUPPRESS_SCRIM]}, InsetsSource: {6800004 mType=systemGestures mFrame=[0,0][105,3088] mVisible=true mFlags=[]}, InsetsSource: {6800005 mType=mandatorySystemGestures mFrame=[0,3001][1440,3088] mVisible=true mFlags=[]}, InsetsSource: {6800006 mType=tappableElement mFrame=[0,0][0,0] mVisible=true mFlags=[]}, InsetsSource: {6800024 mType=systemGestures mFrame=[1335,0][1440,3088] mVisible=true mFlags=[]} }
2025-03-08 03:17:09.932  4403-4403  BufferQueueProducer     com.deepcore.kiytoapp                I  [](id:113300000002,api:0,p:346,c:4403) setDequeueTimeout:2077252342
2025-03-08 03:17:09.933  4403-4403  BLASTBufferQueue_Java   com.deepcore.kiytoapp                I  new BLASTBufferQueue, mName= ViewRootImpl@7d9e28d[MainActivity] mNativeObject= 0xb4000074e9906a00 sc.mNativeObject= 0xb400007494b0fd00 caller= android.view.ViewRootImpl.updateBlastSurfaceIfNeeded:3085 android.view.ViewRootImpl.relayoutWindow:10224 android.view.ViewRootImpl.performTraversals:4167 android.view.ViewRootImpl.doTraversal:3345 android.view.ViewRootImpl$TraversalRunnable.run:11437 android.view.Choreographer$CallbackRecord.run:1690 android.view.Choreographer$CallbackRecord.run:1699 android.view.Choreographer.doCallbacks:1154 android.view.Choreographer.doFrame:1080 android.view.Choreographer$FrameDisplayEventReceiver.run:1647 
2025-03-08 03:17:09.933  4403-4403  BLASTBufferQueue_Java   com.deepcore.kiytoapp                I  update, w= 1440 h= 3088 mName = ViewRootImpl@7d9e28d[MainActivity] mNativeObject= 0xb4000074e9906a00 sc.mNativeObject= 0xb400007494b0fd00 format= -1 caller= android.graphics.BLASTBufferQueue.<init>:89 android.view.ViewRootImpl.updateBlastSurfaceIfNeeded:3085 android.view.ViewRootImpl.relayoutWindow:10224 android.view.ViewRootImpl.performTraversals:4167 android.view.ViewRootImpl.doTraversal:3345 android.view.ViewRootImpl$TraversalRunnable.run:11437 
2025-03-08 03:17:09.933  4403-4403  ViewRootIm...nActivity] com.deepcore.kiytoapp                I  Relayout returned: old=(0,0,1440,3088) new=(0,0,1440,3088) relayoutAsync=false req=(1440,3088)0 dur=8 res=0x403 s={true 0xb4000074e419b000} ch=true seqId=0
2025-03-08 03:17:09.933  4403-4403  ViewRootIm...nActivity] com.deepcore.kiytoapp                I  performConfigurationChange setNightDimText nightDimLevel=0
2025-03-08 03:17:09.934  4403-4403  ViewRootIm...nActivity] com.deepcore.kiytoapp                D  mThreadedRenderer.initialize() mSurface={isValid=true 0xb4000074e419b000} hwInitialized=true
2025-03-08 03:17:09.935  4403-4403  ViewRootIm...nActivity] com.deepcore.kiytoapp                D  reportNextDraw android.view.ViewRootImpl.performTraversals:4781 android.view.ViewRootImpl.doTraversal:3345 android.view.ViewRootImpl$TraversalRunnable.run:11437 android.view.Choreographer$CallbackRecord.run:1690 android.view.Choreographer$CallbackRecord.run:1699 
2025-03-08 03:17:09.936  4403-4403  ViewRootIm...nActivity] com.deepcore.kiytoapp                I  Setup new sync=wmsSync-ViewRootImpl@7d9e28d[MainActivity]#8
2025-03-08 03:17:09.936  4403-4403  ViewRootIm...nActivity] com.deepcore.kiytoapp                I  Creating new active sync group ViewRootImpl@7d9e28d[MainActivity]#9
2025-03-08 03:17:09.936  4403-4403  SurfaceSyncGroup        com.deepcore.kiytoapp                I  addLocalSync=ViewRootImpl@7d9e28d[MainActivity]#9 to name=wmsSync-ViewRootImpl@7d9e28d[MainActivity]#8, callers=android.window.SurfaceSyncGroup.add:431 android.window.SurfaceSyncGroup.add:392 android.window.SurfaceSyncGroup.add:340 android.view.ViewRootImpl.createSyncIfNeeded:4912 android.view.ViewRootImpl.performTraversals:4796 android.view.ViewRootImpl.doTraversal:3345 
2025-03-08 03:17:09.936  4403-4403  ViewRootIm...nActivity] com.deepcore.kiytoapp                I  registerCallbacksForSync syncBuffer=false
2025-03-08 03:17:09.937  4403-4736  OpenAIService           com.deepcore.kiytoapp                D  OpenAI API-Key erfolgreich geladen
2025-03-08 03:17:09.937  4403-4557  ViewRootIm...nActivity] com.deepcore.kiytoapp                I  Received frameDrawingCallback syncResult=0 frameNum=1.
2025-03-08 03:17:09.938  4403-4557  ViewRootIm...nActivity] com.deepcore.kiytoapp                I  mWNT: t=0xb4000074e4286280 mBlastBufferQueue=0xb4000074e9906a00 fn= 1 mRenderHdrSdrRatio=1.0 caller= android.view.ViewRootImpl$8.onFrameDraw:13946 android.view.ThreadedRenderer$1.onFrameDraw:792 <bottom of call stack> 
2025-03-08 03:17:09.938  4403-4557  ViewRootIm...nActivity] com.deepcore.kiytoapp                I  Setting up sync and frameCommitCallback
2025-03-08 03:17:09.953  4403-4529  BLASTBufferQueue        com.deepcore.kiytoapp                I  [ViewRootImpl@7d9e28d[MainActivity]#2](f:0,a:0,s:0) onFrameAvailable the first frame is available
2025-03-08 03:17:09.953  4403-4529  ViewRootIm...nActivity] com.deepcore.kiytoapp                I  Received frameCommittedCallback lastAttemptedDrawFrameNum=1 didProduceBuffer=true
2025-03-08 03:17:09.953  4403-4529  SurfaceSyncGroup        com.deepcore.kiytoapp                I  onTransactionReady mName=wmsSync-ViewRootImpl@7d9e28d[MainActivity]#8 callback=224189727
2025-03-08 03:17:09.954  4403-4529  OpenGLRenderer          com.deepcore.kiytoapp                D  CFMS:: SetUp Pid : 4403    Tid : 4529
2025-03-08 03:17:09.954  4403-4403  ViewRootIm...nActivity] com.deepcore.kiytoapp                I  reportDrawFinished seqId=0
2025-03-08 03:17:09.967  4403-4529  OpenGLRenderer          com.deepcore.kiytoapp                D  HWUI - treat SMPTE_170M as sRGB
2025-03-08 03:17:09.967  4403-4403  ViewRootIm...eActivity] com.deepcore.kiytoapp                I  handleWindowFocusChanged: 0 0 call from android.view.ViewRootImpl.-$$Nest$mhandleWindowFocusChanged:0
2025-03-08 03:17:09.967  4403-4403  ImeFocusController      com.deepcore.kiytoapp                I  onPreWindowFocus: skipped, hasWindowFocus=false mHasImeFocus=true
2025-03-08 03:17:09.967  4403-4403  ImeFocusController      com.deepcore.kiytoapp                I  onPostWindowFocus: skipped, hasWindowFocus=false mHasImeFocus=true
2025-03-08 03:17:09.982  4403-4403  ChatManager             com.deepcore.kiytoapp                D  Loading messages from prefs: [{"content":"Hallo! Ich bin dein KI-Assistent Kiyto. Ich kann dir bei der Aufgabenverwaltung, Priorisierung und Zeitplanung bedienlich sein. Kalender und Spotify öffnen. Bilder erstellen und analysieren. Wie kann ich dir heute helfen?","isPinned":false,"isUser":false,"timestamp":1741397096687}]
2025-03-08 03:17:09.987  4403-4403  ChatManager             com.deepcore.kiytoapp                D  Loaded 1 messages
2025-03-08 03:17:10.088  4403-4403  InsetsSourceConsumer    com.deepcore.kiytoapp                I  applyRequestedVisibilityToControl: visible=true, type=navigationBars, host=com.deepcore.kiytoapp/com.deepcore.kiytoapp.MainActivity
2025-03-08 03:17:10.089  4403-4403  InsetsSourceConsumer    com.deepcore.kiytoapp                I  applyRequestedVisibilityToControl: visible=true, type=statusBars, host=com.deepcore.kiytoapp/com.deepcore.kiytoapp.MainActivity
2025-03-08 03:17:10.095  4403-4403  TaskManager             com.deepcore.kiytoapp                D  Initialisiere TaskManager...
2025-03-08 03:17:10.096  4403-4403  AppDatabase             com.deepcore.kiytoapp                D  Initialisiere Datenbank...
2025-03-08 03:17:10.101  4403-4403  AppDatabase             com.deepcore.kiytoapp                D  Datenbank erfolgreich initialisiert
2025-03-08 03:17:10.101  4403-4403  TaskManager             com.deepcore.kiytoapp                D  TaskManager erfolgreich initialisiert
2025-03-08 03:17:10.102  4403-4403  TaskManager             com.deepcore.kiytoapp                D  Initialisiere TaskManager...
2025-03-08 03:17:10.102  4403-4403  TaskManager             com.deepcore.kiytoapp                D  TaskManager erfolgreich initialisiert
2025-03-08 03:17:10.102  4403-4403  TaskAIService           com.deepcore.kiytoapp                D  Initialisiere TaskAIService
2025-03-08 03:17:10.102  4403-4403  OpenAIService           com.deepcore.kiytoapp                D  OpenAI API-Key erfolgreich geladen
2025-03-08 03:17:10.176  4403-4403  DailyInspirationManager com.deepcore.kiytoapp                D  Initialisiere TextToSpeech
2025-03-08 03:17:10.185  4403-4403  TextToSpeech            com.deepcore.kiytoapp                I  Sucessfully bound to com.samsung.SMT
2025-03-08 03:17:10.190  4403-4403  Compatibil...geReporter com.deepcore.kiytoapp                D  Compat change id reported: 171228096; UID 10498; state: ENABLED
2025-03-08 03:17:10.256  4403-4403  AnimatorSet             com.deepcore.kiytoapp                D  mReversing is false. Don't call initChildren.
2025-03-08 03:17:10.256  4403-4403  AnimatorSet             com.deepcore.kiytoapp                D  mReversing is false. Don't call initChildren.
2025-03-08 03:17:10.256  4403-4403  AnimatorSet             com.deepcore.kiytoapp                D  mReversing is false. Don't call initChildren.
2025-03-08 03:17:10.257  4403-4403  AnimatorSet             com.deepcore.kiytoapp                D  mReversing is false. Don't call initChildren.
2025-03-08 03:17:10.258  4403-4403  AnimatorSet             com.deepcore.kiytoapp                D  mReversing is false. Don't call initChildren.
2025-03-08 03:17:10.259  4403-4426  epcore.kiytoapp         com.deepcore.kiytoapp                W  ApkAssets: Deleting an ApkAssets object '<empty> and /data/app/~~u7Dx2phY1Z7VD2-_HpNoQg==/com.samsung.SMT-f7xBaJIHKGENvCuuD-EOJw==/base.apk' with 1 weak references
2025-03-08 03:17:10.303  4403-4403  TaskManager             com.deepcore.kiytoapp                D  Lade alle Aufgaben
2025-03-08 03:17:10.318  4403-4403  DashboardFragment       com.deepcore.kiytoapp                D  Starte Setup der täglichen Inspiration
2025-03-08 03:17:10.318  4403-4403  DashboardFragment       com.deepcore.kiytoapp                D  Starte Laden des Zitats
2025-03-08 03:17:10.319  4403-4403  TaskManager             com.deepcore.kiytoapp                D  Lade alle Aufgaben
2025-03-08 03:17:10.320  4403-4403  DashboardFragment       com.deepcore.kiytoapp                D  Starte Laden der priorisierten Aufgaben
2025-03-08 03:17:10.320  4403-4403  TaskManager             com.deepcore.kiytoapp                D  Lade alle Aufgaben
2025-03-08 03:17:10.321  4403-4403  SessionManager          com.deepcore.kiytoapp                D  Gespeicherte Fokuszeit für 2025-03-08: 0 Minuten
2025-03-08 03:17:10.321  4403-4403  SessionManager          com.deepcore.kiytoapp                D  Fokuszeit für 2025-03-08: 0 Minuten
2025-03-08 03:17:10.322  4403-4403  SessionManager          com.deepcore.kiytoapp                D  Gespeicherte Fokuszeit für 2025-03-08: 0 Minuten
2025-03-08 03:17:10.322  4403-4403  SessionManager          com.deepcore.kiytoapp                D  Fokuszeit für 2025-03-08: 0 Minuten
2025-03-08 03:17:10.322  4403-4403  SessionManager          com.deepcore.kiytoapp                D  Gespeicherte Fokuszeit für 2025-03-08: 0 Minuten
2025-03-08 03:17:10.322  4403-4403  SessionManager          com.deepcore.kiytoapp                D  Fokuszeit für 2025-03-08: 0 Minuten
2025-03-08 03:17:10.323  4403-4403  SessionManager          com.deepcore.kiytoapp                D  Gespeicherte Fokuszeit für 2025-03-08: 0 Minuten
2025-03-08 03:17:10.323  4403-4403  SessionManager          com.deepcore.kiytoapp                D  Fokuszeit heute abgerufen: 0 Minuten
2025-03-08 03:17:10.331  4403-4403  DashboardFragment       com.deepcore.kiytoapp                E  Fehler bei der Fragment-Initialisierung (Ask Gemini)
                                                                                                    java.lang.NullPointerException
                                                                                                    	at com.deepcore.kiytoapp.DashboardFragment.getMonthYearText(DashboardFragment.kt:92)
                                                                                                    	at com.deepcore.kiytoapp.DashboardFragment.updateMonthYearText(DashboardFragment.kt:749)
                                                                                                    	at com.deepcore.kiytoapp.DashboardFragment.setupMonthNavigation(DashboardFragment.kt:732)
                                                                                                    	at com.deepcore.kiytoapp.DashboardFragment.initializeViews(DashboardFragment.kt:211)
                                                                                                    	at com.deepcore.kiytoapp.DashboardFragment.onViewCreated(DashboardFragment.kt:129)
                                                                                                    	at androidx.fragment.app.Fragment.performViewCreated(Fragment.java:3147)
                                                                                                    	at androidx.fragment.app.FragmentStateManager.createView(FragmentStateManager.java:588)
                                                                                                    	at androidx.fragment.app.FragmentStateManager.moveToExpectedState(FragmentStateManager.java:272)
                                                                                                    	at androidx.fragment.app.FragmentManager.executeOpsTogether(FragmentManager.java:1943)
                                                                                                    	at androidx.fragment.app.FragmentManager.removeRedundantOperationsAndExecute(FragmentManager.java:1839)
                                                                                                    	at androidx.fragment.app.FragmentManager.execPendingActions(FragmentManager.java:1782)
                                                                                                    	at androidx.fragment.app.FragmentManager$5.run(FragmentManager.java:565)
                                                                                                    	at android.os.Handler.handleCallback(Handler.java:958)
                                                                                                    	at android.os.Handler.dispatchMessage(Handler.java:99)
                                                                                                    	at android.os.Looper.loopOnce(Looper.java:230)
                                                                                                    	at android.os.Looper.loop(Looper.java:319)
                                                                                                    	at android.app.ActivityThread.main(ActivityThread.java:9063)
                                                                                                    	at java.lang.reflect.Method.invoke(Native Method)
                                                                                                    	at com.android.internal.os.RuntimeInit$MethodAndArgsCaller.run(RuntimeInit.java:588)
                                                                                                    	at com.android.internal.os.ZygoteInit.main(ZygoteInit.java:1103)
2025-03-08 03:17:10.336  4403-4403  TaskManager             com.deepcore.kiytoapp                D  Lade alle Aufgaben
2025-03-08 03:17:10.337  4403-4403  TaskManager             com.deepcore.kiytoapp                D  Lade alle Aufgaben
2025-03-08 03:17:10.338  4403-4403  WindowOnBackDispatcher  com.deepcore.kiytoapp                W  sendCancelIfRunning: isInProgress=falsecallback=androidx.activity.OnBackPressedDispatcher$Api34Impl$createOnBackAnimationCallback$1@f775117
2025-03-08 03:17:10.339  4403-4403  ViewRootIm...nActivity] com.deepcore.kiytoapp                I  handleWindowFocusChanged: 1 0 call from android.view.ViewRootImpl.-$$Nest$mhandleWindowFocusChanged:0
2025-03-08 03:17:10.339  4403-4403  ViewRootIm...nActivity] com.deepcore.kiytoapp                D  mThreadedRenderer.initializeIfNeeded()#2 mSurface={isValid=true 0xb4000074e419b000}
2025-03-08 03:17:10.340  4403-4403  InputMethodManagerUtils com.deepcore.kiytoapp                D  startInputInner - Id : 0
2025-03-08 03:17:10.340  4403-4403  InputMethodManager      com.deepcore.kiytoapp                I  startInputInner - IInputMethodManagerGlobalInvoker.startInputOrWindowGainedFocus
2025-03-08 03:17:10.389  4403-4403  Compatibil...geReporter com.deepcore.kiytoapp                D  Compat change id reported: 170233598; UID 10498; state: ENABLED
2025-03-08 03:17:10.401  4403-4403  BLASTBufferQueue_Java   com.deepcore.kiytoapp                I  update, w= 1440 h= 3088 mName = ViewRootImpl@7d9e28d[MainActivity] mNativeObject= 0xb4000074e9906a00 sc.mNativeObject= 0xb400007494b0fd00 format= -1 caller= android.view.ViewRootImpl.updateBlastSurfaceIfNeeded:3074 android.view.ViewRootImpl.relayoutWindow:10224 android.view.ViewRootImpl.performTraversals:4167 android.view.ViewRootImpl.doTraversal:3345 android.view.ViewRootImpl$TraversalRunnable.run:11437 android.view.Choreographer$CallbackRecord.run:1690 
2025-03-08 03:17:10.401  4403-4403  ViewRootIm...nActivity] com.deepcore.kiytoapp                I  Relayout returned: old=(0,0,1440,3088) new=(0,0,1440,3088) relayoutAsync=true req=(1440,3088)0 dur=0 res=0x0 s={true 0xb4000074e419b000} ch=false seqId=0
2025-03-08 03:17:10.404  4403-4403  ViewRootIm...nActivity] com.deepcore.kiytoapp                I  registerCallbackForPendingTransactions
2025-03-08 03:17:10.426  4403-4556  ViewRootIm...nActivity] com.deepcore.kiytoapp                I  mWNT: t=0xb400007493133e00 mBlastBufferQueue=0xb4000074e9906a00 fn= 4 mRenderHdrSdrRatio=1.0 caller= android.view.ViewRootImpl$6.onFrameDraw:5705 android.view.ViewRootImpl$2.onFrameDraw:2190 android.view.ThreadedRenderer$1.onFrameDraw:792 
2025-03-08 03:17:10.446  4403-4403  OpenAIService           com.deepcore.kiytoapp                D  Lokale Antwort: Möchten Sie einen Timer für 25 Minuten starten?
2025-03-08 03:17:10.449  4403-4403  DashboardFragment       com.deepcore.kiytoapp                D  Zitat geladen: Zeit ist keine Ressource, die man sparen kann, sondern eine, die man klug investieren muss.
2025-03-08 03:17:10.453  4403-4403  InsetsSourceConsumer    com.deepcore.kiytoapp                I  applyRequestedVisibilityToControl: visible=false, type=ime, host=com.deepcore.kiytoapp/com.deepcore.kiytoapp.MainActivity
2025-03-08 03:17:10.461  4403-4403  ViewRootIm...eActivity] com.deepcore.kiytoapp                I  handleAppVisibility mAppVisible = true visible = false
2025-03-08 03:17:10.462  4403-4403  ViewRootIm...eActivity] com.deepcore.kiytoapp                I  stopped(true) old = false
2025-03-08 03:17:10.462  4403-4403  ViewRootIm...eActivity] com.deepcore.kiytoapp                D  WindowStopped on com.deepcore.kiytoapp/com.deepcore.kiytoapp.WelcomeActivity set to true
2025-03-08 03:17:10.468  4403-4403  WindowOnBackDispatcher  com.deepcore.kiytoapp                W  sendCancelIfRunning: isInProgress=falsecallback=android.app.Activity$$ExternalSyntheticLambda0@13e1f0d
2025-03-08 03:17:10.470  4403-4403  ViewRootIm...eActivity] com.deepcore.kiytoapp                I  dispatchDetachedFromWindow
2025-03-08 03:17:10.472  4403-4403  InputTransport          com.deepcore.kiytoapp                D  Input channel destroyed: 'f40b42c', fd=135
2025-03-08 03:17:10.474  4403-4403  SessionManager          com.deepcore.kiytoapp                D  Gespeicherte Fokuszeit für 2025-03-08: 0 Minuten
2025-03-08 03:17:10.474  4403-4403  SessionManager          com.deepcore.kiytoapp                D  Fokuszeit für 2025-03-08: 0 Minuten
2025-03-08 03:17:10.475  4403-4403  SessionManager          com.deepcore.kiytoapp                D  Gespeicherte Fokuszeit für 2025-03-08: 0 Minuten
2025-03-08 03:17:10.475  4403-4403  SessionManager          com.deepcore.kiytoapp                D  Fokuszeit für 2025-03-08: 0 Minuten
2025-03-08 03:17:10.476  4403-4403  SessionManager          com.deepcore.kiytoapp                D  Gespeicherte Fokuszeit für 2025-03-08: 0 Minuten
2025-03-08 03:17:10.476  4403-4403  SessionManager          com.deepcore.kiytoapp                D  Fokuszeit für 2025-03-08: 0 Minuten
2025-03-08 03:17:10.476  4403-4403  SessionManager          com.deepcore.kiytoapp                D  Gespeicherte Fokuszeit für 2025-03-08: 0 Minuten
2025-03-08 03:17:10.476  4403-4403  SessionManager          com.deepcore.kiytoapp                D  Fokuszeit für 2025-03-08: 0 Minuten
2025-03-08 03:17:10.477  4403-4403  SessionManager          com.deepcore.kiytoapp                D  Gespeicherte Fokuszeit für 2025-03-08: 0 Minuten
2025-03-08 03:17:10.477  4403-4403  SessionManager          com.deepcore.kiytoapp                D  Fokuszeit heute abgerufen: 0 Minuten
2025-03-08 03:17:10.479  4403-4403  SessionManager          com.deepcore.kiytoapp                D  Gespeicherte Fokuszeit für 2025-03-08: 0 Minuten
2025-03-08 03:17:10.479  4403-4403  SessionManager          com.deepcore.kiytoapp                D  Fokuszeit für 2025-03-08: 0 Minuten
2025-03-08 03:17:10.481  4403-4403  SessionManager          com.deepcore.kiytoapp                D  Gespeicherte Fokuszeit für 2025-03-08: 0 Minuten
2025-03-08 03:17:10.481  4403-4403  SessionManager          com.deepcore.kiytoapp                D  Fokuszeit für 2025-03-08: 0 Minuten
2025-03-08 03:17:10.481  4403-4403  SessionManager          com.deepcore.kiytoapp                D  Gespeicherte Fokuszeit für 2025-03-08: 0 Minuten
2025-03-08 03:17:10.481  4403-4403  SessionManager          com.deepcore.kiytoapp                D  Fokuszeit für 2025-03-08: 0 Minuten
2025-03-08 03:17:10.481  4403-4403  SessionManager          com.deepcore.kiytoapp                D  Gespeicherte Fokuszeit für 2025-03-08: 0 Minuten
2025-03-08 03:17:10.481  4403-4403  SessionManager          com.deepcore.kiytoapp                D  Fokuszeit für 2025-03-08: 0 Minuten
2025-03-08 03:17:10.482  4403-4403  SessionManager          com.deepcore.kiytoapp                D  Gespeicherte Fokuszeit für 2025-03-08: 0 Minuten
2025-03-08 03:17:10.482  4403-4403  SessionManager          com.deepcore.kiytoapp                D  Fokuszeit heute abgerufen: 0 Minuten
2025-03-08 03:17:10.483  4403-4403  DashboardFragment       com.deepcore.kiytoapp                D  Geladene Aufgaben: 0
2025-03-08 03:17:10.483  4403-4403  DashboardFragment       com.deepcore.kiytoapp                D  Nicht abgeschlossene Aufgaben: 0
2025-03-08 03:17:10.483  4403-4403  DashboardFragment       com.deepcore.kiytoapp                D  Nach Datum sortierte Aufgaben: 0
2025-03-08 03:17:10.484  4403-4403  DashboardFragment       com.deepcore.kiytoapp                D  Finale Anzahl priorisierter Aufgaben: 0
2025-03-08 03:17:10.484  4403-4403  DashboardFragment       com.deepcore.kiytoapp                D  Adapter erfolgreich aktualisiert
2025-03-08 03:17:10.484  4403-4403  SessionManager          com.deepcore.kiytoapp                D  Gespeicherte Fokuszeit für 2025-03-08: 0 Minuten
2025-03-08 03:17:10.484  4403-4403  SessionManager          com.deepcore.kiytoapp                D  Fokuszeit für 2025-03-08: 0 Minuten
2025-03-08 03:17:10.485  4403-4403  SessionManager          com.deepcore.kiytoapp                D  Gespeicherte Fokuszeit für 2025-03-08: 0 Minuten
2025-03-08 03:17:10.485  4403-4403  SessionManager          com.deepcore.kiytoapp                D  Fokuszeit für 2025-03-08: 0 Minuten
2025-03-08 03:17:10.486  4403-4403  SessionManager          com.deepcore.kiytoapp                D  Gespeicherte Fokuszeit für 2025-03-08: 0 Minuten
2025-03-08 03:17:10.486  4403-4403  SessionManager          com.deepcore.kiytoapp                D  Fokuszeit für 2025-03-08: 0 Minuten
2025-03-08 03:17:10.486  4403-4403  SessionManager          com.deepcore.kiytoapp                D  Gespeicherte Fokuszeit für 2025-03-08: 0 Minuten
2025-03-08 03:17:10.486  4403-4403  SessionManager          com.deepcore.kiytoapp                D  Fokuszeit für 2025-03-08: 0 Minuten
2025-03-08 03:17:10.487  4403-4403  SessionManager          com.deepcore.kiytoapp                D  Gespeicherte Fokuszeit für 2025-03-08: 0 Minuten
2025-03-08 03:17:10.487  4403-4403  SessionManager          com.deepcore.kiytoapp                D  Fokuszeit heute abgerufen: 0 Minuten
2025-03-08 03:17:10.488  4403-4403  SessionManager          com.deepcore.kiytoapp                D  Gespeicherte Fokuszeit für 2025-03-08: 0 Minuten
2025-03-08 03:17:10.488  4403-4403  SessionManager          com.deepcore.kiytoapp                D  Fokuszeit für 2025-03-08: 0 Minuten
2025-03-08 03:17:10.489  4403-4403  SessionManager          com.deepcore.kiytoapp                D  Gespeicherte Fokuszeit für 2025-03-08: 0 Minuten
2025-03-08 03:17:10.489  4403-4403  SessionManager          com.deepcore.kiytoapp                D  Fokuszeit für 2025-03-08: 0 Minuten
2025-03-08 03:17:10.490  4403-4403  SessionManager          com.deepcore.kiytoapp                D  Gespeicherte Fokuszeit für 2025-03-08: 0 Minuten
2025-03-08 03:17:10.490  4403-4403  SessionManager          com.deepcore.kiytoapp                D  Fokuszeit für 2025-03-08: 0 Minuten
2025-03-08 03:17:10.490  4403-4403  SessionManager          com.deepcore.kiytoapp                D  Gespeicherte Fokuszeit für 2025-03-08: 0 Minuten
2025-03-08 03:17:10.490  4403-4403  SessionManager          com.deepcore.kiytoapp                D  Fokuszeit für 2025-03-08: 0 Minuten
2025-03-08 03:17:10.490  4403-4403  SessionManager          com.deepcore.kiytoapp                D  Gespeicherte Fokuszeit für 2025-03-08: 0 Minuten
2025-03-08 03:17:10.490  4403-4403  SessionManager          com.deepcore.kiytoapp                D  Fokuszeit heute abgerufen: 0 Minuten
2025-03-08 03:17:10.541  4403-4431  TextToSpeech            com.deepcore.kiytoapp                I  Connected to TTS engine
2025-03-08 03:17:10.544  4403-4788  TextToSpeech            com.deepcore.kiytoapp                I  Setting up the connection to TTS engine...
2025-03-08 03:17:10.574  4403-4403  DailyInspirationManager com.deepcore.kiytoapp                D  TextToSpeech erfolgreich initialisiert
2025-03-08 03:17:12.377  4403-4403  ViewRootIm...nActivity] com.deepcore.kiytoapp                I  ViewPostIme pointer 0
2025-03-08 03:17:12.655  4403-4403  ViewRootIm...nActivity] com.deepcore.kiytoapp                I  ViewPostIme pointer 1
2025-03-08 03:17:13.442  4403-4403  ViewRootIm...nActivity] com.deepcore.kiytoapp                I  ViewPostIme pointer 0
2025-03-08 03:17:13.529  4403-4403  ViewRootIm...nActivity] com.deepcore.kiytoapp                I  ViewPostIme pointer 1
2025-03-08 03:17:13.568  4403-4403  TaskManager             com.deepcore.kiytoapp                D  Initialisiere TaskManager...
2025-03-08 03:17:13.568  4403-4403  TaskManager             com.deepcore.kiytoapp                D  TaskManager erfolgreich initialisiert
2025-03-08 03:17:13.568  4403-4403  TaskAIService           com.deepcore.kiytoapp                D  Initialisiere TaskAIService
2025-03-08 03:17:13.568  4403-4403  OpenAIService           com.deepcore.kiytoapp                D  OpenAI API-Key erfolgreich geladen
2025-03-08 03:17:13.568  4403-4403  ChatManager             com.deepcore.kiytoapp                D  Loading messages from prefs: [{"content":"Hallo! Ich bin dein KI-Assistent Kiyto. Ich kann dir bei der Aufgabenverwaltung, Priorisierung und Zeitplanung bedienlich sein. Kalender und Spotify öffnen. Bilder erstellen und analysieren. Wie kann ich dir heute helfen?","isPinned":false,"isUser":false,"timestamp":1741397096687}]
2025-03-08 03:17:13.569  4403-4403  ChatManager             com.deepcore.kiytoapp                D  Loaded 1 messages
2025-03-08 03:17:13.569  4403-4403  TaskManager             com.deepcore.kiytoapp                D  Initialisiere TaskManager...
2025-03-08 03:17:13.569  4403-4403  TaskManager             com.deepcore.kiytoapp                D  TaskManager erfolgreich initialisiert
2025-03-08 03:17:13.607  4403-4403  TextToSpeech            com.deepcore.kiytoapp                I  Sucessfully bound to com.samsung.SMT
2025-03-08 03:17:13.608  4403-4403  SpeechManager           com.deepcore.kiytoapp                D  STT initialisiert
2025-03-08 03:17:13.608  4403-4403  SpeechManager           com.deepcore.kiytoapp                D  SpeechManager initialisiert
2025-03-08 03:17:13.608  4403-4403  AIChatFragment          com.deepcore.kiytoapp                D  Fragment-Initialisierung erfolgreich
2025-03-08 03:17:13.608  4403-4438  TextToSpeech            com.deepcore.kiytoapp                I  Connected to TTS engine
2025-03-08 03:17:13.609  4403-4788  TextToSpeech            com.deepcore.kiytoapp                I  Setting up the connection to TTS engine...
2025-03-08 03:17:13.612  4403-4403  AIChatFragment          com.deepcore.kiytoapp                D  Berechtigungen wurden bereits angefragt
2025-03-08 03:17:13.630  4403-4403  InputMethodManager      com.deepcore.kiytoapp                I  invalidateInput
2025-03-08 03:17:13.632  4403-4403  InputMethodManager      com.deepcore.kiytoapp                I  invalidateInput
2025-03-08 03:17:13.643  4403-4403  AnimatorSet             com.deepcore.kiytoapp                D  mReversing is false. Don't call initChildren.
2025-03-08 03:17:13.643  4403-4403  AnimatorSet             com.deepcore.kiytoapp                D  mReversing is false. Don't call initChildren.
2025-03-08 03:17:13.644  4403-4403  AnimatorSet             com.deepcore.kiytoapp                D  mReversing is false. Don't call initChildren.
2025-03-08 03:17:13.645  4403-4403  AIChatFragment          com.deepcore.kiytoapp                D  Views erfolgreich initialisiert
2025-03-08 03:17:13.650  4403-4403  WindowOnBackDispatcher  com.deepcore.kiytoapp                W  sendCancelIfRunning: isInProgress=falsecallback=androidx.activity.OnBackPressedDispatcher$Api34Impl$createOnBackAnimationCallback$1@f775117
2025-03-08 03:17:13.679  4403-4403  SpeechManager           com.deepcore.kiytoapp                D  TTS erfolgreich initialisiert
2025-03-08 03:17:13.680  4403-4403  AIChatFragment          com.deepcore.kiytoapp                D  Chat-Historie geladen: 1 Nachrichten
2025-03-08 03:17:13.866  4403-4403  DailyInspirationManager com.deepcore.kiytoapp                D  TextToSpeech heruntergefahren
2025-03-08 03:17:13.867  4403-4438  TextToSpeech            com.deepcore.kiytoapp                I  Disconnected from TTS engine
2025-03-08 03:17:15.479  4403-4403  ViewRootIm...nActivity] com.deepcore.kiytoapp                I  ViewPostIme pointer 0
2025-03-08 03:17:15.562  4403-4403  ViewRootIm...nActivity] com.deepcore.kiytoapp                I  ViewPostIme pointer 1
2025-03-08 03:17:15.600  4403-4424  InputTransport          com.deepcore.kiytoapp                D  Input channel destroyed: 'ClientS', fd=177
2025-03-08 03:17:15.602  4403-4426  epcore.kiytoapp         com.deepcore.kiytoapp                W  ApkAssets: Deleting an ApkAssets object '<empty> and /data/app/~~u7Dx2phY1Z7VD2-_HpNoQg==/com.samsung.SMT-f7xBaJIHKGENvCuuD-EOJw==/base.apk' with 1 weak references
2025-03-08 03:17:15.621  4403-4403  FocusModeFragment       com.deepcore.kiytoapp                D  Slider initialisiert: Pomodoro=1.0, ShortBreak=1.0, LongBreak=1.0, PomodorosUntilLongBreak=4.0
2025-03-08 03:17:15.625  4403-4403  NotificationHelper      com.deepcore.kiytoapp                D  Notification channel created successfully
2025-03-08 03:17:15.626  4403-4403  PomodoroViewModel       com.deepcore.kiytoapp                D  Loaded stats: pomodoros=0, focusTime=0
2025-03-08 03:17:15.627  4403-4403  PomodoroViewModel       com.deepcore.kiytoapp                D  Global statistics updated: pomodoros=0, focusTime=0
2025-03-08 03:17:15.627  4403-4403  PomodoroViewModel       com.deepcore.kiytoapp                D  Initialized with pomodoro: 1, short: 1, long: 1
2025-03-08 03:17:15.627  4403-4403  FocusModeFragment       com.deepcore.kiytoapp                D  Statistiken initialisiert
2025-03-08 03:17:15.627  4403-4403  FocusModeFragment       com.deepcore.kiytoapp                D  Pomodoro Timer Setup abgeschlossen
2025-03-08 03:17:15.627  4403-4403  FocusModeFragment       com.deepcore.kiytoapp                D  Observer Setup abgeschlossen
2025-03-08 03:17:15.628  4403-4403  FocusModeFragment       com.deepcore.kiytoapp                D  Einstellungen Setup abgeschlossen
2025-03-08 03:17:15.631  4403-4403  WindowOnBackDispatcher  com.deepcore.kiytoapp                W  sendCancelIfRunning: isInProgress=falsecallback=androidx.activity.OnBackPressedDispatcher$Api34Impl$createOnBackAnimationCallback$1@f775117
2025-03-08 03:17:17.662  4403-4403  ViewRootIm...nActivity] com.deepcore.kiytoapp                I  ViewPostIme pointer 0
2025-03-08 03:17:17.737  4403-4403  ViewRootIm...nActivity] com.deepcore.kiytoapp                I  ViewPostIme pointer 1
2025-03-08 03:17:17.753  4403-4403  WindowManager           com.deepcore.kiytoapp                I  WindowManagerGlobal#addView, ty=1000, view=android.widget.PopupWindow$PopupDecorView{2a3938 V.E...... R.....I. 0,0-0,0}, caller=android.view.WindowManagerImpl.addView:150 android.widget.PopupWindow.invokePopup:1721 android.widget.PopupWindow.showAsDropDown:1502 
2025-03-08 03:17:17.755  4403-4529  NativeCust...ncyManager com.deepcore.kiytoapp                D  [NativeCFMS] BpCustomFrequencyManager::BpCustomFrequencyManager()
2025-03-08 03:17:17.761  4403-4403  InsetsController        com.deepcore.kiytoapp                I  onStateChanged: host=PopupWindow:91ea19b, from=android.view.ViewRootImpl.setView:1797, state=InsetsState: {mDisplayFrame=Rect(0, 0 - 1440, 3088), mDisplayCutout=DisplayCutout{insets=Rect(0, 100 - 0, 0) waterfall=Insets{left=0, top=0, right=0, bottom=0} boundingRect={Bounds=[Rect(0, 0 - 0, 0), Rect(685, 0 - 756, 100), Rect(0, 0 - 0, 0), Rect(0, 0 - 0, 0)]} cutoutPathParserInfo={CutoutPathParserInfo{displayWidth=1440 displayHeight=3088 physicalDisplayWidth=1440 physicalDisplayHeight=3088 density={3.75} cutoutSpec={M 0,0 H -9.466666666666667 V 26.66666666666667‬ H 9.466666666666667 V 0 H 0 Z @dp} rotation={0} scale={1.0} physicalPixelDisplaySizeRatio={1.0}}}}, mRoundedCorners=RoundedCorners{[RoundedCorner{position=TopLeft, radius=14, center=Point(14, 14)}, RoundedCorner{position=TopRight, radius=14, center=Point(1426, 14)}, RoundedCorner{position=BottomRight, radius=14, center=Point(1426, 3074)}, RoundedCorner{position=BottomLeft, radius=14, center=Point(14, 3074)}]}  mRoundedCornerFrame=Rect(0, 0 - 1440, 3088), mPrivacyIndicatorBounds=PrivacyIndicatorBounds {static bounds=Rect(1286, 0 - 1440, 100) rotation=0}, mDisplayShape=DisplayShape{ spec=-311912193 displayWidth=1440 displayHeight=3088 physicalPixelDisplaySizeRatio=1.0 rotation=0 offsetX=0 offsetY=0 scale=1.0}, mSources= { InsetsSource: {a4aa0000 mType=statusBars mFrame=[0,0][1440,100] mVisible=true mFlags=[]}, InsetsSource: {a4aa0005 mType=mandatorySystemGestures mFrame=[0,0][1440,142] mVisible=true mFlags=[]}, InsetsSource: {a4aa0006 mType=tappableElement mFrame=[0,0][1440,100] mVisible=true mFlags=[]}, InsetsSource: {3 mType=ime mFrame=[0,0][0,0] mVisible=false mFlags=[]}, InsetsSource: {27 mType=displayCutout mFrame=[0,0][1440,100] mVisible=true mFlags=[]}, InsetsSource: {6800001 mType=navigationBars mFrame=[0,0][0,0] mVisible=true mFlags=[SUPPRESS_SCRIM]}, InsetsSource: {6800004 mType=systemGestures mFrame=[0,0][105,3088] mVisible=true mFlags=[]}, InsetsSource: {6800005 mType=mandatorySystemGestures mFrame=[0,3001][1440,3088] mVisible=true mFlags=[]}, InsetsSource: {6800006 mType=tappableElement mFrame=[0,0][0,0] mVisible=true mFlags=[]}, InsetsSource: {6800024 mType=systemGestures mFrame=[1335,0][1440,3088] mVisible=true mFlags=[]} }
2025-03-08 03:17:17.761  4403-4403  ViewRootIm...w:91ea19b] com.deepcore.kiytoapp                I  synced displayState. AttachInfo displayState=2
2025-03-08 03:17:17.763  4403-4403  ViewRootIm...w:91ea19b] com.deepcore.kiytoapp                I  setView = android.widget.PopupWindow$PopupDecorView@2a3938 TM=true
2025-03-08 03:17:17.806  4403-4806  ViewRootIm...w:91ea19b] com.deepcore.kiytoapp                I  Resizing android.view.ViewRootImpl@c09f94d: frame = [740,223][1440,1179] reportDraw = true forceLayout = false syncSeqId = -1
2025-03-08 03:17:17.806  4403-4403  InsetsSourceConsumer    com.deepcore.kiytoapp                I  applyRequestedVisibilityToControl: visible=true, type=navigationBars, host=PopupWindow:91ea19b
2025-03-08 03:17:17.807  4403-4403  InsetsSourceConsumer    com.deepcore.kiytoapp                I  applyRequestedVisibilityToControl: visible=true, type=statusBars, host=PopupWindow:91ea19b
2025-03-08 03:17:17.807  4403-4403  BufferQueueProducer     com.deepcore.kiytoapp                I  [](id:113300000003,api:0,p:0,c:4403) setDequeueTimeout:2077252342
2025-03-08 03:17:17.807  4403-4403  BLASTBufferQueue_Java   com.deepcore.kiytoapp                I  new BLASTBufferQueue, mName= ViewRootImpl@8b99d11[PopupWindow:91ea19b] mNativeObject= 0xb4000074e9988f00 sc.mNativeObject= 0xb400007511bffc00 caller= android.view.ViewRootImpl.updateBlastSurfaceIfNeeded:3085 android.view.ViewRootImpl.relayoutWindow:10224 android.view.ViewRootImpl.performTraversals:4167 android.view.ViewRootImpl.doTraversal:3345 android.view.ViewRootImpl$TraversalRunnable.run:11437 android.view.Choreographer$CallbackRecord.run:1690 android.view.Choreographer$CallbackRecord.run:1699 android.view.Choreographer.doCallbacks:1154 android.view.Choreographer.doFrame:1080 android.view.Choreographer$FrameDisplayEventReceiver.run:1647 
2025-03-08 03:17:17.807  4403-4403  BLASTBufferQueue_Java   com.deepcore.kiytoapp                I  update, w= 732 h= 988 mName = ViewRootImpl@8b99d11[PopupWindow:91ea19b] mNativeObject= 0xb4000074e9988f00 sc.mNativeObject= 0xb400007511bffc00 format= -3 caller= android.graphics.BLASTBufferQueue.<init>:89 android.view.ViewRootImpl.updateBlastSurfaceIfNeeded:3085 android.view.ViewRootImpl.relayoutWindow:10224 android.view.ViewRootImpl.performTraversals:4167 android.view.ViewRootImpl.doTraversal:3345 android.view.ViewRootImpl$TraversalRunnable.run:11437 
2025-03-08 03:17:17.808  4403-4403  ViewRootIm...w:91ea19b] com.deepcore.kiytoapp                I  Relayout returned: old=(740,223,1440,3088) new=(740,223,1440,1179) relayoutAsync=false req=(700,956)0 dur=4 res=0x403 s={true 0xb400007493151000} ch=true seqId=0
2025-03-08 03:17:17.808  4403-4403  ViewRootIm...w:91ea19b] com.deepcore.kiytoapp                I  performConfigurationChange setNightDimText nightDimLevel=0
2025-03-08 03:17:17.808  4403-4403  ViewRootIm...w:91ea19b] com.deepcore.kiytoapp                D  mThreadedRenderer.initialize() mSurface={isValid=true 0xb400007493151000} hwInitialized=true
2025-03-08 03:17:17.809  4403-4403  ViewRootIm...w:91ea19b] com.deepcore.kiytoapp                D  reportNextDraw android.view.ViewRootImpl.performTraversals:4781 android.view.ViewRootImpl.doTraversal:3345 android.view.ViewRootImpl$TraversalRunnable.run:11437 android.view.Choreographer$CallbackRecord.run:1690 android.view.Choreographer$CallbackRecord.run:1699 
2025-03-08 03:17:17.809  4403-4403  ViewRootIm...w:91ea19b] com.deepcore.kiytoapp                I  Setup new sync=wmsSync-ViewRootImpl@8b99d11[PopupWindow:91ea19b]#10
2025-03-08 03:17:17.809  4403-4403  ViewRootIm...w:91ea19b] com.deepcore.kiytoapp                I  Creating new active sync group ViewRootImpl@8b99d11[PopupWindow:91ea19b]#11
2025-03-08 03:17:17.809  4403-4403  SurfaceSyncGroup        com.deepcore.kiytoapp                I  addLocalSync=ViewRootImpl@8b99d11[PopupWindow:91ea19b]#11 to name=wmsSync-ViewRootImpl@8b99d11[PopupWindow:91ea19b]#10, callers=android.window.SurfaceSyncGroup.add:431 android.window.SurfaceSyncGroup.add:392 android.window.SurfaceSyncGroup.add:340 android.view.ViewRootImpl.createSyncIfNeeded:4912 android.view.ViewRootImpl.performTraversals:4796 android.view.ViewRootImpl.doTraversal:3345 
2025-03-08 03:17:17.809  4403-4403  ViewRootIm...w:91ea19b] com.deepcore.kiytoapp                I  registerCallbacksForSync syncBuffer=false
2025-03-08 03:17:17.810  4403-4557  ViewRootIm...w:91ea19b] com.deepcore.kiytoapp                I  Received frameDrawingCallback syncResult=0 frameNum=1.
2025-03-08 03:17:17.810  4403-4557  ViewRootIm...w:91ea19b] com.deepcore.kiytoapp                I  mWNT: t=0xb400007494bd9c80 mBlastBufferQueue=0xb4000074e9988f00 fn= 1 mRenderHdrSdrRatio=1.0 caller= android.view.ViewRootImpl$8.onFrameDraw:13946 android.view.ThreadedRenderer$1.onFrameDraw:792 <bottom of call stack> 
2025-03-08 03:17:17.810  4403-4557  ViewRootIm...w:91ea19b] com.deepcore.kiytoapp                I  Setting up sync and frameCommitCallback
2025-03-08 03:17:17.813  4403-4529  BLASTBufferQueue        com.deepcore.kiytoapp                I  [ViewRootImpl@8b99d11[PopupWindow:91ea19b]#3](f:0,a:0,s:0) onFrameAvailable the first frame is available
2025-03-08 03:17:17.813  4403-4529  ViewRootIm...w:91ea19b] com.deepcore.kiytoapp                I  Received frameCommittedCallback lastAttemptedDrawFrameNum=1 didProduceBuffer=true
2025-03-08 03:17:17.813  4403-4529  SurfaceSyncGroup        com.deepcore.kiytoapp                I  onTransactionReady mName=wmsSync-ViewRootImpl@8b99d11[PopupWindow:91ea19b]#10 callback=84542725
